Component: Arm Compiler for Embedded 6.19 Tool: armlink [5e73cb00]

==============================================================================

Section Cross References

    main.o(.text.main) refers to system_mkl25z4.o(.text.SystemInit) for SystemInit
    main.o(.text.main) refers to pit.o(.text.PIT_HWconfig) for PIT_HWconfig
    main.o(.text.main) refers to pit.o(.text.PIT_IRQconfig) for PIT_IRQconfig
    main.o(.text.main) refers to port.o(.text.ports_HWconfig) for ports_HWconfig
    main.o(.text.main) refers to port.o(.text.ports_IRQconfig) for ports_IRQconfig
    main.o(.text.main) refers to gpio.o(.text.GPIO_HWconfig) for GPIO_HWconfig
    main.o(.text.main) refers to adc.o(.text.ADC_HWconfig) for ADC_HWconfig
    main.o(.text.main) refers to adc.o(.text.ADC_IRQconfig) for ADC_IRQconfig
    main.o(.text.main) refers to uart0.o(.text.UART0_HWconfig) for UART0_HWconfig
    main.o(.text.main) refers to uart0.o(.text.UART0_IRQconfig) for UART0_IRQconfig
    main.o(.text.main) refers to rtx_kernel.o(.text.osKernelInitialize) for osKernelInitialize
    main.o(.text.main) refers to threads.o(.text.RTOS_objects_config) for RTOS_objects_config
    main.o(.text.main) refers to rtx_kernel.o(.text.osKernelStart) for osKernelStart
    main.o(.ARM.exidx.text.main) refers to main.o(.text.main) for [Anonymous Symbol]
    adc.o(.ARM.exidx.text.ADC_HWconfig) refers to adc.o(.text.ADC_HWconfig) for [Anonymous Symbol]
    adc.o(.ARM.exidx.text.ADC_SC1_write) refers to adc.o(.text.ADC_SC1_write) for [Anonymous Symbol]
    adc.o(.text.ADC_IRQconfig) refers to adc.o(.text.__NVIC_SetPriority) for __NVIC_SetPriority
    adc.o(.text.ADC_IRQconfig) refers to adc.o(.text.__NVIC_ClearPendingIRQ) for __NVIC_ClearPendingIRQ
    adc.o(.text.ADC_IRQconfig) refers to adc.o(.text.__NVIC_EnableIRQ) for __NVIC_EnableIRQ
    adc.o(.ARM.exidx.text.ADC_IRQconfig) refers to adc.o(.text.ADC_IRQconfig) for [Anonymous Symbol]
    adc.o(.ARM.exidx.text.__NVIC_SetPriority) refers to adc.o(.text.__NVIC_SetPriority) for [Anonymous Symbol]
    adc.o(.ARM.exidx.text.__NVIC_ClearPendingIRQ) refers to adc.o(.text.__NVIC_ClearPendingIRQ) for [Anonymous Symbol]
    adc.o(.ARM.exidx.text.__NVIC_EnableIRQ) refers to adc.o(.text.__NVIC_EnableIRQ) for [Anonymous Symbol]
    adc.o(.text.ADC0_IRQHandler) refers to rtx_evflags.o(.text.osEventFlagsSet) for osEventFlagsSet
    adc.o(.text.ADC0_IRQHandler) refers to adc.o(.bss.adc_result) for adc_result
    adc.o(.text.ADC0_IRQHandler) refers to threads.o(.bss.EventFlagId) for EventFlagId
    adc.o(.ARM.exidx.text.ADC0_IRQHandler) refers to adc.o(.text.ADC0_IRQHandler) for [Anonymous Symbol]
    gpio.o(.text.GPIO_HWconfig) refers to gpio.o(.text.GPIOA_HWconfig) for GPIOA_HWconfig
    gpio.o(.text.GPIO_HWconfig) refers to gpio.o(.text.GPIOB_HWconfig) for GPIOB_HWconfig
    gpio.o(.ARM.exidx.text.GPIO_HWconfig) refers to gpio.o(.text.GPIO_HWconfig) for [Anonymous Symbol]
    gpio.o(.ARM.exidx.text.GPIOA_HWconfig) refers to gpio.o(.text.GPIOA_HWconfig) for [Anonymous Symbol]
    gpio.o(.text.GPIOB_HWconfig) refers to gpio.o(.text.set_pin) for set_pin
    gpio.o(.ARM.exidx.text.GPIOB_HWconfig) refers to gpio.o(.text.GPIOB_HWconfig) for [Anonymous Symbol]
    gpio.o(.ARM.exidx.text.set_pin) refers to gpio.o(.text.set_pin) for [Anonymous Symbol]
    gpio.o(.ARM.exidx.text.GPIOC_HWconfig) refers to gpio.o(.text.GPIOC_HWconfig) for [Anonymous Symbol]
    gpio.o(.ARM.exidx.text.GPIOD_HWconfig) refers to gpio.o(.text.GPIOD_HWconfig) for [Anonymous Symbol]
    gpio.o(.ARM.exidx.text.GPIOE_HWconfig) refers to gpio.o(.text.GPIOE_HWconfig) for [Anonymous Symbol]
    gpio.o(.ARM.exidx.text.clear_pin) refers to gpio.o(.text.clear_pin) for [Anonymous Symbol]
    gpio.o(.ARM.exidx.text.toggle_pin) refers to gpio.o(.text.toggle_pin) for [Anonymous Symbol]
    gpio.o(.ARM.exidx.text.read_input_pin) refers to gpio.o(.text.read_input_pin) for [Anonymous Symbol]
    gpio.o(.ARM.exidx.text.read_output_pin) refers to gpio.o(.text.read_output_pin) for [Anonymous Symbol]
    pit.o(.ARM.exidx.text.PIT_HWconfig) refers to pit.o(.text.PIT_HWconfig) for [Anonymous Symbol]
    pit.o(.text.PIT_IRQconfig) refers to pit.o(.text.__NVIC_SetPriority) for __NVIC_SetPriority
    pit.o(.text.PIT_IRQconfig) refers to pit.o(.text.__NVIC_ClearPendingIRQ) for __NVIC_ClearPendingIRQ
    pit.o(.text.PIT_IRQconfig) refers to pit.o(.text.__NVIC_EnableIRQ) for __NVIC_EnableIRQ
    pit.o(.ARM.exidx.text.PIT_IRQconfig) refers to pit.o(.text.PIT_IRQconfig) for [Anonymous Symbol]
    pit.o(.ARM.exidx.text.__NVIC_SetPriority) refers to pit.o(.text.__NVIC_SetPriority) for [Anonymous Symbol]
    pit.o(.ARM.exidx.text.__NVIC_ClearPendingIRQ) refers to pit.o(.text.__NVIC_ClearPendingIRQ) for [Anonymous Symbol]
    pit.o(.ARM.exidx.text.__NVIC_EnableIRQ) refers to pit.o(.text.__NVIC_EnableIRQ) for [Anonymous Symbol]
    pit.o(.ARM.exidx.text.PIT_start) refers to pit.o(.text.PIT_start) for [Anonymous Symbol]
[...]
    [Anonymous Symbol]                       0x00003690   Section        0  rtx_thread.o(.text.osThreadExit)
    __arm_cp.30_0                            0x00003698   Number         4  rtx_thread.o(.text.osThreadExit)
    [Anonymous Symbol]                       0x0000369c   Section        0  rtx_thread.o(.text.osThreadGetId)
    __arm_cp.18_0                            0x000036bc   Number         4  rtx_thread.o(.text.osThreadGetId)
    __arm_cp.18_1                            0x000036c0   Number         4  rtx_thread.o(.text.osThreadGetId)
    [Anonymous Symbol]                       0x000036c4   Section        0  rtx_thread.o(.text.osThreadNew)
    __arm_cp.16_0                            0x000036e4   Number         4  rtx_thread.o(.text.osThreadNew)
    os_kernel_is_active                      0x000036e9   Thumb Code    40  rtx_lib.o(.text.os_kernel_is_active)
    [Anonymous Symbol]                       0x000036e8   Section        0  rtx_lib.o(.text.os_kernel_is_active)
    __arm_cp.2_0                             0x00003710   Number         4  rtx_lib.o(.text.os_kernel_is_active)
    [Anonymous Symbol]                       0x00003714   Section        0  port.o(.text.ports_HWconfig)
    [Anonymous Symbol]                       0x00003720   Section        0  port.o(.text.ports_IRQconfig)
    [Anonymous Symbol]                       0x00003728   Section        0  gpio.o(.text.read_input_pin)
    __arm_cp.9_0                             0x000037bc   Number         4  gpio.o(.text.read_input_pin)
    __arm_cp.9_1                             0x000037c0   Number         4  gpio.o(.text.read_input_pin)
    __arm_cp.9_2                             0x000037c4   Number         4  gpio.o(.text.read_input_pin)
    __arm_cp.9_3                             0x000037c8   Number         4  gpio.o(.text.read_input_pin)
    __arm_cp.9_4                             0x000037cc   Number         4  gpio.o(.text.read_input_pin)
    [Anonymous Symbol]                       0x000037d0   Section        0  gpio.o(.text.set_pin)
    __arm_cp.3_0                             0x0000385c   Number         4  gpio.o(.text.set_pin)
    __arm_cp.3_1                             0x00003860   Number         4  gpio.o(.text.set_pin)
    __arm_cp.3_2                             0x00003864   Number         4  gpio.o(.text.set_pin)
    __arm_cp.3_3                             0x00003868   Number         4  gpio.o(.text.set_pin)
    __arm_cp.3_4                             0x0000386c   Number         4  gpio.o(.text.set_pin)
    svcRtxEventFlagsNew                      0x00003871   Thumb Code   108  rtx_evflags.o(.text.svcRtxEventFlagsNew)
    [Anonymous Symbol]                       0x00003870   Section        0  rtx_evflags.o(.text.svcRtxEventFlagsNew)
    __arm_cp.9_0                             0x000038dc   Number         4  rtx_evflags.o(.text.svcRtxEventFlagsNew)
    __arm_cp.9_1                             0x000038e0   Number         4  rtx_evflags.o(.text.svcRtxEventFlagsNew)
    svcRtxEventFlagsSet                      0x000038e5   Thumb Code   118  rtx_evflags.o(.text.svcRtxEventFlagsSet)
    [Anonymous Symbol]                       0x000038e4   Section        0  rtx_evflags.o(.text.svcRtxEventFlagsSet)
    svcRtxEventFlagsWait                     0x0000395d   Thumb Code    92  rtx_evflags.o(.text.svcRtxEventFlagsWait)
    [Anonymous Symbol]                       0x0000395c   Section        0  rtx_evflags.o(.text.svcRtxEventFlagsWait)
    svcRtxKernelGetState                     0x000039b9   Thumb Code     8  rtx_kernel.o(.text.svcRtxKernelGetState)
    [Anonymous Symbol]                       0x000039b8   Section        0  rtx_kernel.o(.text.svcRtxKernelGetState)
    __arm_cp.6_0                             0x000039c0   Number         4  rtx_kernel.o(.text.svcRtxKernelGetState)
    svcRtxKernelInitialize                   0x000039c5   Thumb Code   308  rtx_kernel.o(.text.svcRtxKernelInitialize)
    [Anonymous Symbol]                       0x000039c4   Section        0  rtx_kernel.o(.text.svcRtxKernelInitialize)
    __arm_cp.21_2                            0x00003af8   Number         4  rtx_kernel.o(.text.svcRtxKernelInitialize)
    svcRtxKernelStart                        0x00003afd   Thumb Code   116  rtx_kernel.o(.text.svcRtxKernelStart)
    [Anonymous Symbol]                       0x00003afc   Section        0  rtx_kernel.o(.text.svcRtxKernelStart)
    __arm_cp.22_1                            0x00003b70   Number         4  rtx_kernel.o(.text.svcRtxKernelStart)
    __arm_cp.22_2                            0x00003b74   Number         4  rtx_kernel.o(.text.svcRtxKernelStart)
    __arm_cp.22_3                            0x00003b78   Number         4  rtx_kernel.o(.text.svcRtxKernelStart)
    svcRtxMessageQueueGet                    0x00003b7d   Thumb Code   200  rtx_msgqueue.o(.text.svcRtxMessageQueueGet)
    [Anonymous Symbol]                       0x00003b7c   Section        0  rtx_msgqueue.o(.text.svcRtxMessageQueueGet)
    __arm_cp.22_0                            0x00003c44   Number         4  rtx_msgqueue.o(.text.svcRtxMessageQueueGet)
    svcRtxMessageQueueNew                    0x00003c49   Thumb Code   428  rtx_msgqueue.o(.text.svcRtxMessageQueueNew)
    [Anonymous Symbol]                       0x00003c48   Section        0  rtx_msgqueue.o(.text.svcRtxMessageQueueNew)
    __arm_cp.1_0                             0x00003df4   Number         4  rtx_msgqueue.o(.text.svcRtxMessageQueueNew)
    __arm_cp.1_1                             0x00003df8   Number         4  rtx_msgqueue.o(.text.svcRtxMessageQueueNew)
    __arm_cp.1_2                             0x00003dfc   Number         4  rtx_msgqueue.o(.text.svcRtxMessageQueueNew)
    __arm_cp.1_3                             0x00003e00   Number         4  rtx_msgqueue.o(.text.svcRtxMessageQueueNew)
    __arm_cp.1_5                             0x00003e04   Number         4  rtx_msgqueue.o(.text.svcRtxMessageQueueNew)
    svcRtxMessageQueuePut                    0x00003e09   Thumb Code   172  rtx_msgqueue.o(.text.svcRtxMessageQueuePut)
    [Anonymous Symbol]                       0x00003e08   Section        0  rtx_msgqueue.o(.text.svcRtxMessageQueuePut)
    __arm_cp.20_0                            0x00003eb4   Number         4  rtx_msgqueue.o(.text.svcRtxMessageQueuePut)
    svcRtxMutexAcquire                       0x00003eb9   Thumb Code   148  rtx_mutex.o(.text.svcRtxMutexAcquire)
    [Anonymous Symbol]                       0x00003eb8   Section        0  rtx_mutex.o(.text.svcRtxMutexAcquire)
    svcRtxMutexDelete                        0x00003f4d   Thumb Code   176  rtx_mutex.o(.text.svcRtxMutexDelete)
    [Anonymous Symbol]                       0x00003f4c   Section        0  rtx_mutex.o(.text.svcRtxMutexDelete)
    __arm_cp.13_0                            0x00003ffc   Number         4  rtx_mutex.o(.text.svcRtxMutexDelete)
    svcRtxMutexNew                           0x00004001   Thumb Code   108  rtx_mutex.o(.text.svcRtxMutexNew)
    [Anonymous Symbol]                       0x00004000   Section        0  rtx_mutex.o(.text.svcRtxMutexNew)
    __arm_cp.8_0                             0x0000406c   Number         4  rtx_mutex.o(.text.svcRtxMutexNew)
    svcRtxMutexRelease                       0x00004071   Thumb Code   184  rtx_mutex.o(.text.svcRtxMutexRelease)
    [Anonymous Symbol]                       0x00004070   Section        0  rtx_mutex.o(.text.svcRtxMutexRelease)
    __arm_cp.11_0                            0x00004128   Number         4  rtx_mutex.o(.text.svcRtxMutexRelease)
    svcRtxSemaphoreAcquire                   0x0000412d   Thumb Code    72  rtx_semaphore.o(.text.svcRtxSemaphoreAcquire)
    [Anonymous Symbol]                       0x0000412c   Section        0  rtx_semaphore.o(.text.svcRtxSemaphoreAcquire)
    __arm_cp.11_0                            0x00004174   Number         4  rtx_semaphore.o(.text.svcRtxSemaphoreAcquire)
    svcRtxSemaphoreNew                       0x00004179   Thumb Code   124  rtx_semaphore.o(.text.svcRtxSemaphoreNew)
    [Anonymous Symbol]                       0x00004178   Section        0  rtx_semaphore.o(.text.svcRtxSemaphoreNew)
    __arm_cp.7_1                             0x000041f4   Number         4  rtx_semaphore.o(.text.svcRtxSemaphoreNew)
    svcRtxSemaphoreRelease                   0x000041f9   Thumb Code    56  rtx_semaphore.o(.text.svcRtxSemaphoreRelease)
    [Anonymous Symbol]                       0x000041f8   Section        0  rtx_semaphore.o(.text.svcRtxSemaphoreRelease)
    svcRtxThreadExit                         0x00004231   Thumb Code    72  rtx_thread.o(.text.svcRtxThreadExit)
    [Anonymous Symbol]                       0x00004230   Section        0  rtx_thread.o(.text.svcRtxThreadExit)
    svcRtxThreadGetId                        0x00004279   Thumb Code     8  rtx_thread.o(.text.svcRtxThreadGetId)
    [Anonymous Symbol]                       0x00004278   Section        0  rtx_thread.o(.text.svcRtxThreadGetId)
    __arm_cp.19_0                            0x00004280   Number         4  rtx_thread.o(.text.svcRtxThreadGetId)
    svcRtxThreadNew                          0x00004285   Thumb Code   484  rtx_thread.o(.text.svcRtxThreadNew)
    [Anonymous Symbol]                       0x00004284   Section        0  rtx_thread.o(.text.svcRtxThreadNew)
    __arm_cp.15_0                            0x00004468   Number         4  rtx_thread.o(.text.svcRtxThreadNew)
    __arm_cp.15_1                            0x0000446c   Number         4  rtx_thread.o(.text.svcRtxThreadNew)
    __arm_cp.15_2                            0x00004470   Number         4  rtx_thread.o(.text.svcRtxThreadNew)
    __arm_cp.15_3                            0x00004474   Number         4  rtx_thread.o(.text.svcRtxThreadNew)
    __arm_cp.15_4                            0x00004478   Number         4  rtx_thread.o(.text.svcRtxThreadNew)
    __arm_cp.15_5                            0x0000447c   Number         4  rtx_thread.o(.text.svcRtxThreadNew)
    i.__kernel_poly                          0x00004480   Section        0  poly.o(i.__kernel_poly)
    i.__mathlib_dbl_divzero                  0x0000452c   Section        0  dunder.o(i.__mathlib_dbl_divzero)
    i.__mathlib_dbl_infnan                   0x00004540   Section        0  dunder.o(i.__mathlib_dbl_infnan)
    i.__mathlib_dbl_invalid                  0x0000454a   Section        0  dunder.o(i.__mathlib_dbl_invalid)
    i._fgeq                                  0x0000455a   Section        0  fcmp.o(i._fgeq)
    i._fleq                                  0x00004570   Section        0  fcmp.o(i._fleq)
    i._fls                                   0x0000458a   Section        0  fcmp.o(i._fls)
    i.log                                    0x000045a0   Section        0  log.o(i.log)
    x$fpl$deqf                               0x000048f4   Section      100  deqf.o(x$fpl$deqf)
    x$fpl$fadd                               0x00004958   Section      140  faddsub.o(x$fpl$fadd)
    _fadd1                                   0x00004965   Thumb Code     0  faddsub.o(x$fpl$fadd)
    x$fpl$fgeqf                              0x000049e4   Section       84  fgef.o(x$fpl$fgeqf)
    x$fpl$fleqf                              0x00004a38   Section       84  flef.o(x$fpl$fleqf)
    x$fpl$fmul                               0x00004a8c   Section      176  fmul.o(x$fpl$fmul)
    x$fpl$fsub                               0x00004b3c   Section      208  faddsub.o(x$fpl$fsub)
    _fsub1                                   0x00004b49   Thumb Code     0  faddsub.o(x$fpl$fsub)
    ddiv_reciptbl                            0x00004c0c   Data         128  ddiv.o(.constdata)
    .constdata                               0x00004c0c   Section      128  ddiv.o(.constdata)
    x$fpl$usenofp                            0x00004c0c   Section        0  usenofp.o(x$fpl$usenofp)
    fdiv_tab                                 0x00004c8c   Data          64  fdiv.o(.constdata)
    .constdata                               0x00004c8c   Section       64  fdiv.o(.constdata)
    Lg2                                      0x00004cd0   Data          24  log.o(.constdata)
    .constdata                               0x00004cd0   Section       56  log.o(.constdata)
    Lg                                       0x00004ce8   Data          32  log.o(.constdata)
    .constdata                               0x00004d08   Section        8  qnan.o(.constdata)
    __tagsym$$used.4                         0x00004d10   Number         0  rtx_lib.o(.rodata)
    __tagsym$$used.5                         0x00004d80   Number         0  rtx_lib.o(.rodata)
    [Anonymous Symbol]                       0x00004db8   Section        0  threads.o(.rodata..L__const.Thread_Prepare_Msg.message)
    os_idle_thread_attr                      0x00004df0   Data          36  rtx_lib.o(.rodata.os_idle_thread_attr)
    [Anonymous Symbol]                       0x00004df0   Section        0  rtx_lib.o(.rodata.os_idle_thread_attr)
    os_timer_mq_attr                         0x00004e14   Data          24  rtx_lib.o(.rodata.os_timer_mq_attr)
    [Anonymous Symbol]                       0x00004e14   Section        0  rtx_lib.o(.rodata.os_timer_mq_attr)
    os_timer_thread_attr                     0x00004e2c   Data          36  rtx_lib.o(.rodata.os_timer_thread_attr)
    [Anonymous Symbol]                       0x00004e2c   Section        0  rtx_lib.o(.rodata.os_timer_thread_attr)
    [Anonymous Symbol]                       0x00004e50   Section        0  rtx_kernel.o(.rodata.str1.4)
    .bss                                     0x1ffff0b0   Section       96  libspace.o(.bss)
    os_isr_queue                             0x1ffff168   Data          64  rtx_lib.o(.bss.os)
    [Anonymous Symbol]                       0x1ffff168   Section        0  rtx_lib.o(.bss.os)
    os_mem                                   0x1ffff1a8   Data        4096  rtx_lib.o(.bss.os)
    PendST                                   0x200001a8   Data           1  os_systick.o(.bss.os)
    [Anonymous Symbol]                       0x200001a8   Section        0  os_systick.o(.bss.os)
    os_libspace_id                           0x200001ac   Data          16  rtx_lib.o(.bss.os.libspace)
    [Anonymous Symbol]                       0x200001ac   Section        0  rtx_lib.o(.bss.os.libspace)
    os_libspace                              0x200001bc   Data         480  rtx_lib.o(.bss.os.libspace)
    os_timer_mq_cb                           0x2000039c   Data          52  rtx_lib.o(.bss.os.msgqueue.cb)
    [Anonymous Symbol]                       0x2000039c   Section        0  rtx_lib.o(.bss.os.msgqueue.cb)
    os_timer_mq_data                         0x200003d0   Data          80  rtx_lib.o(.bss.os.msgqueue.mem)
    [Anonymous Symbol]                       0x200003d0   Section        0  rtx_lib.o(.bss.os.msgqueue.mem)
    os_idle_thread_cb                        0x20000420   Data          68  rtx_lib.o(.bss.os.thread.cb)
    [Anonymous Symbol]                       0x20000420   Section        0  rtx_lib.o(.bss.os.thread.cb)
    os_timer_thread_cb                       0x20000464   Data          68  rtx_lib.o(.bss.os.thread.cb)
    os_idle_thread_stack                     0x200004a8   Data         200  rtx_lib.o(.bss.os.thread.idle.stack)
    [Anonymous Symbol]                       0x200004a8   Section        0  rtx_lib.o(.bss.os.thread.idle.stack)
    os_timer_thread_stack                    0x20000570   Data         512  rtx_lib.o(.bss.os.thread.timer.stack)
    [Anonymous Symbol]                       0x20000570   Section        0  rtx_lib.o(.bss.os.thread.timer.stack)
    os_kernel_is_active.os_kernel_active     0x20000770   Data           1  rtx_lib.o(.bss.os_kernel_is_active.os_kernel_active)
    [Anonymous Symbol]                       0x20000770   Section        0  rtx_lib.o(.bss.os_kernel_is_active.os_kernel_active)
    Heap_Mem                                 0x20000778   Data           0  startup_mkl25z4.o(HEAP)
    Stack_Mem                                0x20000778   Data         256  startup_mkl25z4.o(STACK)
    HEAP                                     0x20000778   Section        0  startup_mkl25z4.o(HEAP)
    STACK                                    0x20000778   Section      256  startup_mkl25z4.o(STACK)
    __initial_sp                             0x20000878   Data           0  startup_mkl25z4.o(STACK)

    Global Symbols

    Symbol Name                              Value     Ov Type        Size  Object(Section)

    BuildAttributes$$THM_ISAv3M$S$PE$A:L22$X:L11$S22$IEEE1$IW$~IW$USESV6$~STKCKD$USESV7$~SHL$OTIME$ROPI$IEEEX$EBA8$UX$STANDARDLIB$REQ8$PRES8$EABIv2 0x00000000   Number         0  anon$$obj.o ABSOLUTE
    __Vectors                                0x00000000   Data           4  startup_mkl25z4.o(RESET)
    .bss.os.evflags.cb$$Base                  - Undefined Weak Reference
    .bss.os.evflags.cb$$Limit                 - Undefined Weak Reference
    .bss.os.mempool.cb$$Base                  - Undefined Weak Reference
    .bss.os.mempool.cb$$Limit                 - Undefined Weak Reference
    .bss.os.mutex.cb$$Base                    - Undefined Weak Reference
    .bss.os.mutex.cb$$Limit                   - Undefined Weak Reference
    .bss.os.semaphore.cb$$Base                - Undefined Weak Reference
    .bss.os.semaphore.cb$$Limit               - Undefined Weak Reference
    .bss.os.timer.cb$$Base                    - Undefined Weak Reference
    .bss.os.timer.cb$$Limit                   - Undefined Weak Reference
    __ARM_exceptions_init                     - Undefined Weak Reference
    __alloca_initialize                       - Undefined Weak Reference
    __arm_preinit_                            - Undefined Weak Reference
    __arm_relocate_pie_                       - Undefined Weak Reference
    __cpp_initialize__aeabi_                  - Undefined Weak Reference
    __cxa_finalize                            - Undefined Weak Reference
    __rt_locale                               - Undefined Weak Reference
    __sigvec_lookup                           - Undefined Weak Reference
    _atexit_init                              - Undefined Weak Reference
    _call_atexit_fns                          - Undefined Weak Reference
    _clock_init                               - Undefined Weak Reference
    _fp_trap_init                             - Undefined Weak Reference
    _fp_trap_shutdown                         - Undefined Weak Reference
    _get_lc_collate                           - Undefined Weak Reference
    _get_lc_ctype                             - Undefined Weak Reference
    _get_lc_monetary                          - Undefined Weak Reference
    _get_lc_numeric                           - Undefined Weak Reference
    _get_lc_time                              - Undefined Weak Reference
    _getenv_init                              - Undefined Weak Reference
    _handle_redirection                       - Undefined Weak Reference
    _init_alloc                               - Undefined Weak Reference
    _init_user_alloc                          - Undefined Weak Reference
    _initio                                   - Undefined Weak Reference
    _rand_init                                - Undefined Weak Reference
    _signal_finish                            - Undefined Weak Reference
    _signal_init                              - Undefined Weak Reference
    _terminate_alloc                          - Undefined Weak Reference
    _terminate_user_alloc                     - Undefined Weak Reference
    _terminateio                              - Undefined Weak Reference
    __Vectors_End                            0x000000c0   Data           0  startup_mkl25z4.o(RESET)
    __Vectors_Size                           0x000000c0   Number         0  startup_mkl25z4.o ABSOLUTE
    __main                                   0x000000c1   Thumb Code     8  __main.o(!!!main)
    __scatterload                            0x000000c9   Thumb Code     0  __scatter.o(!!!scatter)
    __scatterload_rt2                        0x000000c9   Thumb Code    52  __scatter.o(!!!scatter)
    __scatterload_rt2_thumb_only             0x000000c9   Thumb Code     0  __scatter.o(!!!scatter)
    __scatterload_null                       0x000000d9   Thumb Code     0  __scatter.o(!!!scatter)
    __scatterload_copy                       0x00000105   Thumb Code    26  __scatter_copy.o(!!handler_copy)
    __scatterload_zeroinit                   0x00000121   Thumb Code    28  __scatter_zi.o(!!handler_zi)
    __rt_lib_init                            0x0000013d   Thumb Code     0  libinit.o(.ARM.Collect$$libinit$$00000000)
    __rt_lib_init_alloca_1                   0x0000013f   Thumb Code     0  libinit2.o(.ARM.Collect$$libinit$$00000030)
    __rt_lib_init_argv_1                     0x0000013f   Thumb Code     0  libinit2.o(.ARM.Collect$$libinit$$0000002E)
    __rt_lib_init_atexit_1                   0x0000013f   Thumb Code     0  libinit2.o(.ARM.Collect$$libinit$$0000001D)
    __rt_lib_init_clock_1                    0x0000013f   Thumb Code     0  libinit2.o(.ARM.Collect$$libinit$$00000023)
    __rt_lib_init_cpp_1                      0x0000013f   Thumb Code     0  libinit2.o(.ARM.Collect$$libinit$$00000034)
    __rt_lib_init_exceptions_1               0x0000013f   Thumb Code     0  libinit2.o(.ARM.Collect$$libinit$$00000032)
    __rt_lib_init_fp_1                       0x0000013f   Thumb Code     0  libinit2.o(.ARM.Collect$$libinit$$00000002)
    __rt_lib_init_fp_trap_1                  0x0000013f   Thumb Code     0  libinit2.o(.ARM.Collect$$libinit$$00000021)
    __rt_lib_init_getenv_1                   0x0000013f   Thumb Code     0  libinit2.o(.ARM.Collect$$libinit$$00000025)
    __rt_lib_init_heap_1                     0x0000013f   Thumb Code     0  libinit2.o(.ARM.Collect$$libinit$$0000000C)
    __rt_lib_init_lc_collate_1               0x0000013f   Thumb Code     0  libinit2.o(.ARM.Collect$$libinit$$00000013)
    __rt_lib_init_lc_ctype_1                 0x0000013f   Thumb Code     0  libinit2.o(.ARM.Collect$$libinit$$00000015)
    __rt_lib_init_lc_monetary_1              0x0000013f   Thumb Code     0  libinit2.o(.ARM.Collect$$libinit$$00000017)
    __rt_lib_init_lc_numeric_1               0x0000013f   Thumb Code     0  libinit2.o(.ARM.Collect$$libinit$$00000019)
    __rt_lib_init_lc_time_1                  0x0000013f   Thumb Code     0  libinit2.o(.ARM.Collect$$libinit$$0000001B)
    __rt_lib_init_preinit_1                  0x0000013f   Thumb Code     0  libinit2.o(.ARM.Collect$$libinit$$00000006)
    __rt_lib_init_rand_1                     0x0000013f   Thumb Code     0  libinit2.o(.ARM.Collect$$libinit$$00000010)
    __rt_lib_init_relocate_pie_1             0x0000013f   Thumb Code     0  libinit2.o(.ARM.Collect$$libinit$$00000004)
    __rt_lib_init_return                     0x0000013f   Thumb Code     0  libinit2.o(.ARM.Collect$$libinit$$00000035)
    __rt_lib_init_signal_1                   0x0000013f   Thumb Code     0  libinit2.o(.ARM.Collect$$libinit$$0000001F)
    __rt_lib_init_stdio_1                    0x0000013f   Thumb Code     0  libinit2.o(.ARM.Collect$$libinit$$00000027)
    __rt_lib_init_user_alloc_1               0x0000013f   Thumb Code     0  libinit2.o(.ARM.Collect$$libinit$$0000000E)
    __rt_lib_shutdown                        0x00000141   Thumb Code     0  libshutdown.o(.ARM.Collect$$libshutdown$$00000000)
    __rt_lib_shutdown_cpp_1                  0x00000143   Thumb Code     0  libshutdown2.o(.ARM.Collect$$libshutdown$$00000002)
    __rt_lib_shutdown_fp_trap_1              0x00000143   Thumb Code     0  libshutdown2.o(.ARM.Collect$$libshutdown$$00000007)
    __rt_lib_shutdown_heap_1                 0x00000143   Thumb Code     0  libshutdown2.o(.ARM.Collect$$libshutdown$$0000000F)
    __rt_lib_shutdown_return                 0x00000143   Thumb Code     0  libshutdown2.o(.ARM.Collect$$libshutdown$$00000010)
    __rt_lib_shutdown_signal_1               0x00000143   Thumb Code     0  libshutdown2.o(.ARM.Collect$$libshutdown$$0000000A)
    __rt_lib_shutdown_stdio_1                0x00000143   Thumb Code     0  libshutdown2.o(.ARM.Collect$$libshutdown$$00000004)
    __rt_lib_shutdown_user_alloc_1           0x00000143   Thumb Code     0  libshutdown2.o(.ARM.Collect$$libshutdown$$0000000C)
    __rt_entry                               0x00000145   Thumb Code     0  __rtentry.o(.ARM.Collect$$rtentry$$00000000)
    __rt_entry_presh_1                       0x00000145   Thumb Code     0  __rtentry2.o(.ARM.Collect$$rtentry$$00000002)
    __rt_entry_sh                            0x00000145   Thumb Code     0  __rtentry4.o(.ARM.Collect$$rtentry$$00000004)
    __rt_entry_postsh_1                      0x0000014b   Thumb Code     0  __rtentry2.o(.ARM.Collect$$rtentry$$00000008)
    __rt_entry_li                            0x00000153   Thumb Code     0  __rtentry2.o(.ARM.Collect$$rtentry$$0000000A)
    __rt_entry_main                          0x00000157   Thumb Code     0  __rtentry2.o(.ARM.Collect$$rtentry$$0000000D)
    __rt_entry_postli_1                      0x00000157   Thumb Code     0  __rtentry2.o(.ARM.Collect$$rtentry$$0000000C)
    __rt_exit                                0x0000015f   Thumb Code     0  rtexit.o(.ARM.Collect$$rtexit$$00000000)
    __rt_exit_ls                             0x00000161   Thumb Code     0  rtexit2.o(.ARM.Collect$$rtexit$$00000003)
    __rt_exit_prels_1                        0x00000161   Thumb Code     0  rtexit2.o(.ARM.Collect$$rtexit$$00000002)
    __rt_exit_exit                           0x00000165   Thumb Code     0  rtexit2.o(.ARM.Collect$$rtexit$$00000004)
    __aeabi_memcpy4                          0x0000016d   Thumb Code    56  rt_memcpy.o(.emb_text)
    __aeabi_memcpy8                          0x0000016d   Thumb Code     0  rt_memcpy.o(.emb_text)
    Reset_Handler                            0x000001a5   Thumb Code    12  startup_mkl25z4.o(.text)
    NMI_Handler                              0x000001b1   Thumb Code     2  startup_mkl25z4.o(.text)
    HardFault_Handler                        0x000001b3   Thumb Code     2  startup_mkl25z4.o(.text)
    CMP0_IRQHandler                          0x000001bb   Thumb Code     0  startup_mkl25z4.o(.text)
    DAC0_IRQHandler                          0x000001bb   Thumb Code     0  startup_mkl25z4.o(.text)
    DMA0_IRQHandler                          0x000001bb   Thumb Code     0  startup_mkl25z4.o(.text)
    DMA1_IRQHandler                          0x000001bb   Thumb Code     0  startup_mkl25z4.o(.text)
    DMA2_IRQHandler                          0x000001bb   Thumb Code     0  startup_mkl25z4.o(.text)
    DMA3_IRQHandler                          0x000001bb   Thumb Code     0  startup_mkl25z4.o(.text)
    DefaultISR                               0x000001bb   Thumb Code     0  startup_mkl25z4.o(.text)
    FTFA_IRQHandler                          0x000001bb   Thumb Code     0  startup_mkl25z4.o(.text)
    I2C0_IRQHandler                          0x000001bb   Thumb Code     0  startup_mkl25z4.o(.text)
    I2C1_IRQHandler                          0x000001bb   Thumb Code     0  startup_mkl25z4.o(.text)
    LLWU_IRQHandler                          0x000001bb   Thumb Code     0  startup_mkl25z4.o(.text)
    LPTMR0_IRQHandler                        0x000001bb   Thumb Code     0  startup_mkl25z4.o(.text)
    LVD_LVW_IRQHandler                       0x000001bb   Thumb Code     0  startup_mkl25z4.o(.text)
    MCG_IRQHandler                           0x000001bb   Thumb Code     0  startup_mkl25z4.o(.text)
    PORTD_IRQHandler                         0x000001bb   Thumb Code     0  startup_mkl25z4.o(.text)
    RTC_IRQHandler                           0x000001bb   Thumb Code     0  startup_mkl25z4.o(.text)
    RTC_Seconds_IRQHandler                   0x000001bb   Thumb Code     0  startup_mkl25z4.o(.text)
    Reserved20_IRQHandler                    0x000001bb   Thumb Code     0  startup_mkl25z4.o(.text)
    Reserved39_IRQHandler                    0x000001bb   Thumb Code     0  startup_mkl25z4.o(.text)
    Reserved45_IRQHandler                    0x000001bb   Thumb Code     0  startup_mkl25z4.o(.text)
    SPI0_IRQHandler                          0x000001bb   Thumb Code     0  startup_mkl25z4.o(.text)
    SPI1_IRQHandler                          0x000001bb   Thumb Code     0  startup_mkl25z4.o(.text)
    TPM0_IRQHandler                          0x000001bb   Thumb Code     0  startup_mkl25z4.o(.text)
    TPM1_IRQHandler                          0x000001bb   Thumb Code     0  startup_mkl25z4.o(.text)
    TPM2_IRQHandler                          0x000001bb   Thumb Code     0  startup_mkl25z4.o(.text)
    TSI0_IRQHandler                          0x000001bb   Thumb Code     0  startup_mkl25z4.o(.text)
    UART1_IRQHandler                         0x000001bb   Thumb Code     0  startup_mkl25z4.o(.text)
    UART2_IRQHandler                         0x000001bb   Thumb Code     0  startup_mkl25z4.o(.text)
    USB0_IRQHandler                          0x000001bb   Thumb Code     0  startup_mkl25z4.o(.text)
    __user_initial_stackheap                 0x000001c1   Thumb Code     0  startup_mkl25z4.o(.text)
    SVC_Handler                              0x000001e5   Thumb Code   132  irq_armv6m.o(.text)
    PendSV_Handler                           0x00000269   Thumb Code    12  irq_armv6m.o(.text)
    SysTick_Handler                          0x00000275   Thumb Code    12  irq_armv6m.o(.text)
    __aeabi_memcpy                           0x00000289   Thumb Code   130  rt_memcpy.o(.text)
    __rt_memcpy                              0x00000289   Thumb Code     0  rt_memcpy.o(.text)
    _memset_w                                0x0000030b   Thumb Code    26  rt_memclr.o(.text)
    _memset                                  0x00000325   Thumb Code    30  rt_memclr.o(.text)
    __aeabi_memclr                           0x00000343   Thumb Code     4  rt_memclr.o(.text)
    __rt_memclr                              0x00000343   Thumb Code     0  rt_memclr.o(.text)
    __aeabi_memclr4                          0x00000347   Thumb Code     0  rt_memclr.o(.text)
    __aeabi_memclr8                          0x00000347   Thumb Code     0  rt_memclr.o(.text)
    __rt_memclr_w                            0x00000347   Thumb Code     4  rt_memclr.o(.text)
    __use_two_region_memory                  0x0000034b   Thumb Code     2  heapauxi.o(.text)
    __rt_heap_escrow$2region                 0x0000034d   Thumb Code     2  heapauxi.o(.text)
    __rt_heap_expand$2region                 0x0000034f   Thumb Code     2  heapauxi.o(.text)
    __aeabi_d2f                              0x00000351   Thumb Code     0  d2f.o(.text)
    _d2f                                     0x00000351   Thumb Code   120  d2f.o(.text)
    __read_errno                             0x000003cd   Thumb Code    10  _rserrno.o(.text)
    __set_errno                              0x000003d7   Thumb Code    12  _rserrno.o(.text)
    __aeabi_errno_addr                       0x000003e3   Thumb Code     8  rt_errno_addr_twolibspace.o(.text)
    __errno$twolibspace                      0x000003e3   Thumb Code     0  rt_errno_addr_twolibspace.o(.text)
    __rt_errno_addr$twolibspace              0x000003e3   Thumb Code     0  rt_errno_addr_twolibspace.o(.text)
    __user_libspace                          0x000003ed   Thumb Code     8  libspace.o(.text)
    __user_perproc_libspace                  0x000003ed   Thumb Code     0  libspace.o(.text)
    _sys_exit                                0x000003f5   Thumb Code     8  sys_exit.o(.text)
    __aeabi_uidiv                            0x00000411   Thumb Code     0  aeabi_sdiv.o(.text)
    __aeabi_uidivmod                         0x00000411   Thumb Code    20  aeabi_sdiv.o(.text)
    __aeabi_idiv                             0x00000425   Thumb Code     0  aeabi_sdiv.o(.text)
    __aeabi_idivmod                          0x00000425   Thumb Code   338  aeabi_sdiv.o(.text)
    __aeabi_dadd                             0x00000875   Thumb Code     0  daddsub.o(.text)
    _dadd                                    0x00000875   Thumb Code    26  daddsub.o(.text)
    __aeabi_dsub                             0x0000088f   Thumb Code     0  daddsub.o(.text)
    _dsub                                    0x0000088f   Thumb Code    22  daddsub.o(.text)
    __aeabi_drsub                            0x000008a5   Thumb Code     0  daddsub.o(.text)
    _drsb                                    0x000008a5   Thumb Code    28  daddsub.o(.text)
    __aeabi_ddiv                             0x000008d5   Thumb Code     0  ddiv.o(.text)
    _ddiv                                    0x000008d5   Thumb Code  1072  ddiv.o(.text)
    _drdiv                                   0x00000d05   Thumb Code    20  ddiv.o(.text)
    __aeabi_d2iz                             0x00000d1d   Thumb Code     0  dfixi.o(.text)
    _dfix                                    0x00000d1d   Thumb Code    98  dfixi.o(.text)
    __aeabi_i2d_normalise                    0x00000d89   Thumb Code    66  dflti.o(.text)
    __aeabi_i2d                              0x00000dcb   Thumb Code    16  dflti.o(.text)
    _dflt                                    0x00000dcb   Thumb Code     0  dflti.o(.text)
    __aeabi_ui2d                             0x00000ddb   Thumb Code     6  dflti.o(.text)
    _dfltu                                   0x00000ddb   Thumb Code     0  dflti.o(.text)
    __aeabi_f2d                              0x00000de1   Thumb Code     0  f2d.o(.text)
    _f2d                                     0x00000de1   Thumb Code    80  f2d.o(.text)
    __aeabi_fdiv                             0x00000e35   Thumb Code     0  fdiv.o(.text)
    _fdiv                                    0x00000e35   Thumb Code   334  fdiv.o(.text)
    _frdiv                                   0x00000f83   Thumb Code     8  fdiv.o(.text)
    __aeabi_f2iz                             0x00000f95   Thumb Code     0  ffixi.o(.text)
    _ffix                                    0x00000f95   Thumb Code    76  ffixi.o(.text)
    __aeabi_i2f_normalise                    0x00000fe1   Thumb Code    72  fflti.o(.text)
    __aeabi_i2f                              0x00001029   Thumb Code    16  fflti.o(.text)
    _fflt                                    0x00001029   Thumb Code     0  fflti.o(.text)
    __aeabi_ui2f                             0x00001039   Thumb Code     6  fflti.o(.text)
    _ffltu                                   0x00001039   Thumb Code     0  fflti.o(.text)
    __aeabi_dmul                             0x00001041   Thumb Code     0  dmul.o(.text)
    _dmul                                    0x00001041   Thumb Code   558  dmul.o(.text)
    __ARM_scalbn                             0x00001289   Thumb Code    84  dscalbn.o(.text)
    __fpl_dcmp_InfNaN                        0x000012e9   Thumb Code   154  dcmpin.o(.text)
    __fpl_fcmp_InfNaN                        0x00001389   Thumb Code    96  fcmpin.o(.text)
    __user_setup_stackheap                   0x000013ed   Thumb Code    62  sys_stackheap_outer.o(.text)
    exit                                     0x0000142b   Thumb Code    16  exit.o(.text)
    __fpl_cmpreturn                          0x0000143b   Thumb Code    46  cmpret.o(.text)
    __fpl_dcheck_NaN2                        0x00001469   Thumb Code    14  dnan2.o(.text)
    __fpl_fcheck_NaN2                        0x0000147d   Thumb Code    10  fnan2.o(.text)
    __fpl_return_NaN                         0x0000148d   Thumb Code    94  retnan.o(.text)
    __I$use$semihosting                      0x000014eb   Thumb Code     0  use_no_semi.o(.text)
    __use_no_semihosting_swi                 0x000014eb   Thumb Code     2  use_no_semi.o(.text)
    ADC0_IRQHandler                          0x000014ed   Thumb Code    24  adc.o(.text.ADC0_IRQHandler)
    __semihosting_library_function           0x000014ed   Thumb Code     0  indicate_semi.o(.text)
    ADC_HWconfig                             0x00001511   Thumb Code   260  adc.o(.text.ADC_HWconfig)
    ADC_IRQconfig                            0x00001635   Thumb Code    30  adc.o(.text.ADC_IRQconfig)
    GPIOA_HWconfig                           0x0000169d   Thumb Code    12  gpio.o(.text.GPIOA_HWconfig)
    GPIOB_HWconfig                           0x000016ad   Thumb Code    24  gpio.o(.text.GPIOB_HWconfig)
    GPIO_HWconfig                            0x000016c9   Thumb Code    12  gpio.o(.text.GPIO_HWconfig)
    OS_Tick_AcknowledgeIRQ                   0x00001795   Thumb Code     8  os_systick.o(.text.OS_Tick_AcknowledgeIRQ)
    OS_Tick_Enable                           0x0000179d   Thumb Code    32  os_systick.o(.text.OS_Tick_Enable)
    OS_Tick_GetIRQn                          0x000017c1   Thumb Code     6  os_systick.o(.text.OS_Tick_GetIRQn)
    OS_Tick_Setup                            0x000017c9   Thumb Code    60  os_systick.o(.text.OS_Tick_Setup)
    PIT_HWconfig                             0x00001815   Thumb Code    88  pit.o(.text.PIT_HWconfig)
    PIT_IRQHandler                           0x00001879   Thumb Code    52  pit.o(.text.PIT_IRQHandler)
    PIT_IRQconfig                            0x000018b5   Thumb Code    30  pit.o(.text.PIT_IRQconfig)
    PIT_enabled                              0x000018d5   Thumb Code    24  pit.o(.text.PIT_enabled)
    PIT_start                                0x000018ed   Thumb Code    24  pit.o(.text.PIT_start)
    PIT_stop                                 0x00001905   Thumb Code    24  pit.o(.text.PIT_stop)
    PORTA_HWconfig                           0x00001921   Thumb Code    72  port.o(.text.PORTA_HWconfig)
    PORTA_IRQHandler                         0x00001975   Thumb Code    80  port.o(.text.PORTA_IRQHandler)
    PORTA_IRQconfig                          0x000019c9   Thumb Code    30  port.o(.text.PORTA_IRQconfig)
    PORTB_HWconfig                           0x000019e9   Thumb Code    36  port.o(.text.PORTB_HWconfig)
    RTOS_objects_config                      0x00001a15   Thumb Code    96  threads.o(.text.RTOS_objects_config)
    SystemInit                               0x00001ad5   Thumb Code   256  system_mkl25z4.o(.text.SystemInit)
    Thread_Convert_Temp                      0x00001c71   Thumb Code   224  threads.o(.text.Thread_Convert_Temp)
    Thread_Prepare_Msg                       0x00001d95   Thumb Code   388  threads.o(.text.Thread_Prepare_Msg)
    Thread_Transmit_Msg                      0x00001f25   Thumb Code    76  threads.o(.text.Thread_Transmit_Msg)
    UART0_HWconfig                           0x00001fc1   Thumb Code   492  uart0.o(.text.UART0_HWconfig)
    UART0_IRQHandler                         0x000021d9   Thumb Code   228  uart0.o(.text.UART0_IRQHandler)
    UART0_IRQconfig                          0x000022c5   Thumb Code    30  uart0.o(.text.UART0_IRQconfig)
    UART0_RED                                0x000022e5   Thumb Code    44  uart0.o(.text.UART0_RED)
    UART0_TED                                0x00002311   Thumb Code    44  uart0.o(.text.UART0_TED)
    UART0_TIE                                0x0000233d   Thumb Code    40  uart0.o(.text.UART0_TIE)
    UART0_TIED                               0x00002365   Thumb Code    44  uart0.o(.text.UART0_TIED)
    UART_TXQ_Empty                           0x00002395   Thumb Code    36  uart0.o(.text.UART_TXQ_Empty)
    UART_TXQ_Full                            0x000023b9   Thumb Code    36  uart0.o(.text.UART_TXQ_Full)
    UART_TX_Dequeque                         0x000023dd   Thumb Code    52  uart0.o(.text.UART_TX_Dequeque)
    UART_TX_Enqueque                         0x00002415   Thumb Code    68  uart0.o(.text.UART_TX_Enqueque)
    __user_perthread_libspace                0x000027a5   Thumb Code   128  rtx_lib.o(.text.__user_perthread_libspace)
    _mutex_acquire                           0x0000282d   Thumb Code    34  rtx_lib.o(.text._mutex_acquire)
    _mutex_free                              0x0000284f   Thumb Code    18  rtx_lib.o(.text._mutex_free)
    _mutex_initialize                        0x00002861   Thumb Code    52  rtx_lib.o(.text._mutex_initialize)
    _mutex_release                           0x00002895   Thumb Code    30  rtx_lib.o(.text._mutex_release)
    _platform_post_stackheap_init            0x000028b3   Thumb Code     8  rtx_lib.o(.text._platform_post_stackheap_init)
    clear_pin                                0x000028bd   Thumb Code   140  gpio.o(.text.clear_pin)
    main                                     0x0000295d   Thumb Code    76  main.o(.text.main)
    osEventFlagsNew                          0x000029ad   Thumb Code    32  rtx_evflags.o(.text.osEventFlagsNew)
    osEventFlagsSet                          0x000029d1   Thumb Code    72  rtx_evflags.o(.text.osEventFlagsSet)
    osEventFlagsWait                         0x00002a1d   Thumb Code    64  rtx_evflags.o(.text.osEventFlagsWait)
    osKernelGetState                         0x00002a61   Thumb Code    40  rtx_kernel.o(.text.osKernelGetState)
    osKernelInitialize                       0x00002a91   Thumb Code    36  rtx_kernel.o(.text.osKernelInitialize)
    osKernelStart                            0x00002ab9   Thumb Code    32  rtx_kernel.o(.text.osKernelStart)
    osMessageQueueGet                        0x00002add   Thumb Code   112  rtx_msgqueue.o(.text.osMessageQueueGet)
    osMessageQueuePut                        0x00002b51   Thumb Code   112  rtx_msgqueue.o(.text.osMessageQueuePut)
    osMutexAcquire                           0x00002bc5   Thumb Code    36  rtx_mutex.o(.text.osMutexAcquire)
    osMutexDelete                            0x00002bed   Thumb Code    36  rtx_mutex.o(.text.osMutexDelete)
    osMutexNew                               0x00002c15   Thumb Code    32  rtx_mutex.o(.text.osMutexNew)
    osMutexRelease                           0x00002c39   Thumb Code    36  rtx_mutex.o(.text.osMutexRelease)
    osRtxErrorNotify                         0x00002c61   Thumb Code    64  rtx_config.o(.text.osRtxErrorNotify)
    osRtxIdleThread                          0x00002cd5   Thumb Code     8  rtx_config.o(.text.osRtxIdleThread)
    osRtxKernelErrorNotify                   0x00002cdd   Thumb Code     8  rtx_kernel.o(.text.osRtxKernelErrorNotify)
    osRtxKernelPreInit                       0x00002ce5   Thumb Code     2  rtx_kernel.o(.text.osRtxKernelPreInit)
    osRtxMemoryAlloc                         0x00002ce7   Thumb Code   120  rtx_memory.o(.text.osRtxMemoryAlloc)
    osRtxMemoryFree                          0x00002d5f   Thumb Code    78  rtx_memory.o(.text.osRtxMemoryFree)
    osRtxMemoryInit                          0x00002dad   Thumb Code    46  rtx_memory.o(.text.osRtxMemoryInit)
    osRtxMemoryPoolAlloc                     0x00002ddb   Thumb Code    42  rtx_mempool.o(.text.osRtxMemoryPoolAlloc)
    osRtxMemoryPoolFree                      0x00002e05   Thumb Code    54  rtx_mempool.o(.text.osRtxMemoryPoolFree)
    osRtxMemoryPoolInit                      0x00002e3b   Thumb Code    60  rtx_mempool.o(.text.osRtxMemoryPoolInit)
    osRtxMessageQueueTimerSetup              0x00002f35   Thumb Code    32  rtx_msgqueue.o(.text.osRtxMessageQueueTimerSetup)
    osRtxMutexOwnerRelease                   0x00002f59   Thumb Code    68  rtx_mutex.o(.text.osRtxMutexOwnerRelease)
    osRtxMutexOwnerRestore                   0x00002f9d   Thumb Code    70  rtx_mutex.o(.text.osRtxMutexOwnerRestore)
    osRtxPendSV_Handler                      0x00002fe5   Thumb Code   128  rtx_system.o(.text.osRtxPendSV_Handler)
    osRtxPostProcess                         0x00003065   Thumb Code   104  rtx_system.o(.text.osRtxPostProcess)
    osRtxThreadDelayTick                     0x000031f9   Thumb Code    84  rtx_thread.o(.text.osRtxThreadDelayTick)
    osRtxThreadDispatch                      0x00003275   Thumb Code    76  rtx_thread.o(.text.osRtxThreadDispatch)
    osRtxThreadListGet                       0x00003335   Thumb Code    20  rtx_thread.o(.text.osRtxThreadListGet)
    osRtxThreadListPut                       0x00003349   Thumb Code    44  rtx_thread.o(.text.osRtxThreadListPut)
    osRtxThreadListRemove                    0x00003375   Thumb Code    24  rtx_thread.o(.text.osRtxThreadListRemove)
    osRtxThreadListSort                      0x0000338d   Thumb Code    36  rtx_thread.o(.text.osRtxThreadListSort)
    osRtxThreadReadyPut                      0x000033d9   Thumb Code    20  rtx_thread.o(.text.osRtxThreadReadyPut)
    osRtxThreadRegPtr                        0x000033ed   Thumb Code     6  rtx_thread.o(.text.osRtxThreadRegPtr)
    osRtxThreadStartup                       0x000033f5   Thumb Code    56  rtx_thread.o(.text.osRtxThreadStartup)
    osRtxThreadSwitch                        0x00003435   Thumb Code    12  rtx_thread.o(.text.osRtxThreadSwitch)
    osRtxThreadWaitEnter                     0x00003445   Thumb Code    60  rtx_thread.o(.text.osRtxThreadWaitEnter)
    osRtxThreadWaitExit                      0x00003485   Thumb Code    34  rtx_thread.o(.text.osRtxThreadWaitExit)
    osRtxTick_Handler                        0x000034a9   Thumb Code   124  rtx_system.o(.text.osRtxTick_Handler)
    osRtxTimerSetup                          0x00003529   Thumb Code    28  rtx_timer.o(.text.osRtxTimerSetup)
    osRtxTimerThread                         0x0000354d   Thumb Code    28  rtx_timer.o(.text.osRtxTimerThread)
    osSemaphoreAcquire                       0x000035dd   Thumb Code    64  rtx_semaphore.o(.text.osSemaphoreAcquire)
    osSemaphoreNew                           0x00003621   Thumb Code    32  rtx_semaphore.o(.text.osSemaphoreNew)
    osSemaphoreRelease                       0x00003645   Thumb Code    72  rtx_semaphore.o(.text.osSemaphoreRelease)
    osThreadExit                             0x00003691   Thumb Code     8  rtx_thread.o(.text.osThreadExit)
    osThreadGetId                            0x0000369d   Thumb Code    32  rtx_thread.o(.text.osThreadGetId)
    osThreadNew                              0x000036c5   Thumb Code    32  rtx_thread.o(.text.osThreadNew)
    ports_HWconfig                           0x00003715   Thumb Code    12  port.o(.text.ports_HWconfig)
    ports_IRQconfig                          0x00003721   Thumb Code     8  port.o(.text.ports_IRQconfig)
    read_input_pin                           0x00003729   Thumb Code   148  gpio.o(.text.read_input_pin)
    set_pin                                  0x000037d1   Thumb Code   140  gpio.o(.text.set_pin)
    __kernel_poly                            0x00004481   Thumb Code   172  poly.o(i.__kernel_poly)
    __mathlib_dbl_divzero                    0x0000452d   Thumb Code    16  dunder.o(i.__mathlib_dbl_divzero)
    __mathlib_dbl_infnan                     0x00004541   Thumb Code    10  dunder.o(i.__mathlib_dbl_infnan)
    __mathlib_dbl_invalid                    0x0000454b   Thumb Code    16  dunder.o(i.__mathlib_dbl_invalid)
    __aeabi_fcmpge                           0x0000455b   Thumb Code     0  fcmp.o(i._fgeq)
    _fgeq                                    0x0000455b   Thumb Code    22  fcmp.o(i._fgeq)
    __aeabi_fcmple                           0x00004571   Thumb Code     0  fcmp.o(i._fleq)
    _fleq                                    0x00004571   Thumb Code    26  fcmp.o(i._fleq)
    __aeabi_fcmplt                           0x0000458b   Thumb Code     0  fcmp.o(i._fls)
    _fls                                     0x0000458b   Thumb Code    22  fcmp.o(i._fls)
    log                                      0x000045a1   Thumb Code   790  log.o(i.log)
    __aeabi_cdcmpeq                          0x000048f5   Thumb Code     0  deqf.o(x$fpl$deqf)
    _dcmpeq                                  0x000048f5   Thumb Code    94  deqf.o(x$fpl$deqf)
    __aeabi_fadd                             0x00004959   Thumb Code     0  faddsub.o(x$fpl$fadd)
    _fadd                                    0x00004959   Thumb Code   134  faddsub.o(x$fpl$fadd)
    _fcmpge                                  0x000049e5   Thumb Code    78  fgef.o(x$fpl$fgeqf)
    __aeabi_cfcmple                          0x00004a39   Thumb Code     0  flef.o(x$fpl$fleqf)
    _fcmple                                  0x00004a39   Thumb Code    78  flef.o(x$fpl$fleqf)
    __aeabi_fmul                             0x00004a8d   Thumb Code     0  fmul.o(x$fpl$fmul)
    _fmul                                    0x00004a8d   Thumb Code   172  fmul.o(x$fpl$fmul)
    __aeabi_fsub                             0x00004b3d   Thumb Code     0  faddsub.o(x$fpl$fsub)
    _fsub                                    0x00004b3d   Thumb Code   204  faddsub.o(x$fpl$fsub)
    __I$use$fp                               0x00004c0c   Number         0  usenofp.o(x$fpl$usenofp)
    __mathlib_zero                           0x00004d08   Data           8  qnan.o(.constdata)
    osRtxConfig                              0x00004d10   Data         112  rtx_lib.o(.rodata)
    os_cb_sections                           0x00004d80   Data          56  rtx_lib.o(.rodata)
    osRtxUserSVC                             0x00004dec   Data           4  rtx_lib.o(.rodata.osRtxUserSVC)
    Region$$Table$$Base                      0x00004e5c   Number         0  anon$$obj.o(Region$$Table)
    Region$$Table$$Limit                     0x00004e7c   Number         0  anon$$obj.o(Region$$Table)
    SystemCoreClock                          0x1ffff000   Data           4  system_mkl25z4.o(.data.SystemCoreClock)
    TXQ_size                                 0x1ffff004   Data           4  uart0.o(.data.TXQ_size)
    osRtxInfo                                0x1ffff008   Data         164  rtx_kernel.o(.data.os)
    __libspace_start                         0x1ffff0b0   Data          96  libspace.o(.bss)
    EventFlagId                              0x1ffff110   Data           4  threads.o(.bss.EventFlagId)
    __temporary_stack_top$libspace           0x1ffff110   Data           0  libspace.o(.bss)
    PrepMsgSemId                             0x1ffff114   Data           4  threads.o(.bss.PrepMsgSemId)
    R_Temp                                   0x1ffff118   Data           4  threads.o(.bss.R_Temp)
    SendMsgSemId                             0x1ffff11c   Data           4  threads.o(.bss.SendMsgSemId)
    TXQ_head                                 0x1ffff120   Data           4  uart0.o(.bss.TXQ_head)
    TXQ_tail                                 0x1ffff124   Data           4  uart0.o(.bss.TXQ_tail)
    TX_queque                                0x1ffff128   Data          32  uart0.o(.bss.TX_queque)
    TempF                                    0x1ffff148   Data           4  threads.o(.bss.TempF)
    TempK                                    0x1ffff14c   Data           4  threads.o(.bss.TempK)
    Tid_Convert_Temp                         0x1ffff150   Data           4  threads.o(.bss.Tid_Convert_Temp)
    Tid_Prepare_Msg                          0x1ffff154   Data           4  threads.o(.bss.Tid_Prepare_Msg)
    Tid_Transmit_Msg                         0x1ffff158   Data           4  threads.o(.bss.Tid_Transmit_Msg)
    V_Temp                                   0x1ffff15c   Data           4  threads.o(.bss.V_Temp)
    adc_result                               0x1ffff160   Data           4  adc.o(.bss.adc_result)
    neg_log_R_Temp                           0x1ffff164   Data           4  threads.o(.bss.neg_log_R_Temp)
    .bss.os.msgqueue.cb$$Base                0x2000039c   Number         0  rtx_lib.o(.bss.os.msgqueue.cb)
    .bss.os.msgqueue.cb$$Limit               0x200003d0   Number         0  rtx_lib.o(.bss.os.msgqueue.cb)
    .bss.os.thread.cb$$Base                  0x20000420   Number         0  rtx_lib.o(.bss.os.thread.cb)
    .bss.os.thread.cb$$Limit                 0x200004a8   Number         0  rtx_lib.o(.bss.os.thread.cb)



==============================================================================

Memory Map of the image

  Image Entry point : 0x000001a5

  Load Region LR_1 (Base: 0x00000000, Size: 0x00004f28, Max: 0xffffffff, ABSOLUTE)

    Execution Region ER_RO (Exec base: 0x00000000, Load base: 0x00000000, Size: 0x00004e7c, Max: 0xffffffff, ABSOLUTE)

    Exec Addr    Load Addr    Size         Type   Attr      Idx    E Section Name        Object

    0x00000000   0x00000000   0x000000c0   Data   RO          235    RESET               startup_mkl25z4.o
    0x000000c0   0x000000c0   0x00000008   Code   RO          801  * !!!main             c_p.l(__main.o)
    0x000000c8   0x000000c8   0x0000003c   Code   RO         1072    !!!scatter          c_p.l(__scatter.o)
    0x00000104   0x00000104   0x0000001a   Code   RO         1074    !!handler_copy      c_p.l(__scatter_copy.o)
    0x0000011e   0x0000011e   0x00000002   PAD
    0x00000120   0x00000120   0x0000001c   Code   RO         1076    !!handler_zi        c_p.l(__scatter_zi.o)
    0x0000013c   0x0000013c   0x00000002   Code   RO          928    .ARM.Collect$$libinit$$00000000  c_p.l(libinit.o)
    0x0000013e   0x0000013e   0x00000000   Code   RO          945    .ARM.Collect$$libinit$$00000002  c_p.l(libinit2.o)
    0x0000013e   0x0000013e   0x00000000   Code   RO          947    .ARM.Collect$$libinit$$00000004  c_p.l(libinit2.o)
    0x0000013e   0x0000013e   0x00000000   Code   RO          949    .ARM.Collect$$libinit$$00000006  c_p.l(libinit2.o)
    0x0000013e   0x0000013e   0x00000000   Code   RO          952    .ARM.Collect$$libinit$$0000000C  c_p.l(libinit2.o)
    0x0000013e   0x0000013e   0x00000000   Code   RO          954    .ARM.Collect$$libinit$$0000000E  c_p.l(libinit2.o)
    0x0000013e   0x0000013e   0x00000000   Code   RO          956    .ARM.Collect$$libinit$$00000010  c_p.l(libinit2.o)
    0x0000013e   0x0000013e   0x00000000   Code   RO          959    .ARM.Collect$$libinit$$00000013  c_p.l(libinit2.o)
    0x0000013e   0x0000013e   0x00000000   Code   RO          961    .ARM.Collect$$libinit$$00000015  c_p.l(libinit2.o)
    0x0000013e   0x0000013e   0x00000000   Code   RO          963    .ARM.Collect$$libinit$$00000017  c_p.l(libinit2.o)
    0x0000013e   0x0000013e   0x00000000   Code   RO          965    .ARM.Collect$$libinit$$00000019  c_p.l(libinit2.o)
    0x0000013e   0x0000013e   0x00000000   Code   RO          967    .ARM.Collect$$libinit$$0000001B  c_p.l(libinit2.o)
    0x0000013e   0x0000013e   0x00000000   Code   RO          969    .ARM.Collect$$libinit$$0000001D  c_p.l(libinit2.o)
    0x0000013e   0x0000013e   0x00000000   Code   RO          971    .ARM.Collect$$libinit$$0000001F  c_p.l(libinit2.o)
    0x0000013e   0x0000013e   0x00000000   Code   RO          973    .ARM.Collect$$libinit$$00000021  c_p.l(libinit2.o)
    0x0000013e   0x0000013e   0x00000000   Code   RO          975    .ARM.Collect$$libinit$$00000023  c_p.l(libinit2.o)
    0x0000013e   0x0000013e   0x00000000   Code   RO          977    .ARM.Collect$$libinit$$00000025  c_p.l(libinit2.o)
    0x0000013e   0x0000013e   0x00000000   Code   RO          979    .ARM.Collect$$libinit$$00000027  c_p.l(libinit2.o)
    0x0000013e   0x0000013e   0x00000000   Code   RO          983    .ARM.Collect$$libinit$$0000002E  c_p.l(libinit2.o)
    0x0000013e   0x0000013e   0x00000000   Code   RO          985    .ARM.Collect$$libinit$$00000030  c_p.l(libinit2.o)
    0x0000013e   0x0000013e   0x00000000   Code   RO          987    .ARM.Collect$$libinit$$00000032  c_p.l(libinit2.o)
    0x0000013e   0x0000013e   0x00000000   Code   RO          989    .ARM.Collect$$libinit$$00000034  c_p.l(libinit2.o)
    0x0000013e   0x0000013e   0x00000002   Code   RO          990    .ARM.Collect$$libinit$$00000035  c_p.l(libinit2.o)
    0x00000140   0x00000140   0x00000002   Code   RO         1027    .ARM.Collect$$libshutdown$$00000000  c_p.l(libshutdown.o)
    0x00000142   0x00000142   0x00000000   Code   RO         1055    .ARM.Collect$$libshutdown$$00000002  c_p.l(libshutdown2.o)
    0x00000142   0x00000142   0x00000000   Code   RO         1057    .ARM.Collect$$libshutdown$$00000004  c_p.l(libshutdown2.o)
    0x00000142   0x00000142   0x00000000   Code   RO         1060    .ARM.Collect$$libshutdown$$00000007  c_p.l(libshutdown2.o)
    0x00000142   0x00000142   0x00000000   Code   RO         1063    .ARM.Collect$$libshutdown$$0000000A  c_p.l(libshutdown2.o)
    0x00000142   0x00000142   0x00000000   Code   RO         1065    .ARM.Collect$$libshutdown$$0000000C  c_p.l(libshutdown2.o)
    0x00000142   0x00000142   0x00000000   Code   RO         1068    .ARM.Collect$$libshutdown$$0000000F  c_p.l(libshutdown2.o)
    0x00000142   0x00000142   0x00000002   Code   RO         1069    .ARM.Collect$$libshutdown$$00000010  c_p.l(libshutdown2.o)
    0x00000144   0x00000144   0x00000000   Code   RO          848    .ARM.Collect$$rtentry$$00000000  c_p.l(__rtentry.o)
    0x00000144   0x00000144   0x00000000   Code   RO          886    .ARM.Collect$$rtentry$$00000002  c_p.l(__rtentry2.o)
    0x00000144   0x00000144   0x00000006   Code   RO          898    .ARM.Collect$$rtentry$$00000004  c_p.l(__rtentry4.o)
    0x0000014a   0x0000014a   0x00000008   Code   RO          887    .ARM.Collect$$rtentry$$00000008  c_p.l(__rtentry2.o)
    0x00000152   0x00000152   0x00000004   Code   RO          889    .ARM.Collect$$rtentry$$0000000A  c_p.l(__rtentry2.o)
    0x00000156   0x00000156   0x00000000   Code   RO          891    .ARM.Collect$$rtentry$$0000000C  c_p.l(__rtentry2.o)
    0x00000156   0x00000156   0x00000008   Code   RO          892    .ARM.Collect$$rtentry$$0000000D  c_p.l(__rtentry2.o)
    0x0000015e   0x0000015e   0x00000002   Code   RO          936    .ARM.Collect$$rtexit$$00000000  c_p.l(rtexit.o)
    0x00000160   0x00000160   0x00000000   Code   RO          998    .ARM.Collect$$rtexit$$00000002  c_p.l(rtexit2.o)
    0x00000160   0x00000160   0x00000004   Code   RO          999    .ARM.Collect$$rtexit$$00000003  c_p.l(rtexit2.o)
    0x00000164   0x00000164   0x00000006   Code   RO         1000    .ARM.Collect$$rtexit$$00000004  c_p.l(rtexit2.o)
    0x0000016a   0x0000016a   0x00000002   PAD
    0x0000016c   0x0000016c   0x00000038   Code   RO          789    .emb_text           c_p.l(rt_memcpy.o)
    0x000001a4   0x000001a4   0x00000040   Code   RO          237  * .text               startup_mkl25z4.o
    0x000001e4   0x000001e4   0x000000a4   Code   RO          615    .text               RTX_CM0.lib(irq_armv6m.o)
    0x00000288   0x00000288   0x00000082   Code   RO          790    .text               c_p.l(rt_memcpy.o)
    0x0000030a   0x0000030a   0x00000040   Code   RO          793    .text               c_p.l(rt_memclr.o)
    0x0000034a   0x0000034a   0x00000006   Code   RO          799    .text               c_p.l(heapauxi.o)
    0x00000350   0x00000350   0x0000007c   Code   RO          803    .text               fz_ps.l(d2f.o)
    0x000003cc   0x000003cc   0x00000016   Code   RO          853    .text               c_p.l(_rserrno.o)
    0x000003e2   0x000003e2   0x00000008   Code   RO          907    .text               c_p.l(rt_errno_addr_twolibspace.o)
    0x000003ea   0x000003ea   0x00000002   PAD
    0x000003ec   0x000003ec   0x00000008   Code   RO          913    .text               c_p.l(libspace.o)
    0x000003f4   0x000003f4   0x0000000c   Code   RO          993    .text               c_p.l(sys_exit.o)
    0x00000400   0x00000400   0x00000010   Code   RO          236    .ARM.__at_0x400     startup_mkl25z4.o
    0x00000410   0x00000410   0x0000016c   Code   RO          795    .text               c_p.l(aeabi_sdiv.o)
    0x0000057c   0x0000057c   0x00000358   Code   RO          805    .text               fz_ps.l(daddsub.o)
    0x000008d4   0x000008d4   0x00000448   Code   RO          807    .text               fz_ps.l(ddiv.o)
    0x00000d1c   0x00000d1c   0x0000006c   Code   RO          810    .text               fz_ps.l(dfixi.o)
    0x00000d88   0x00000d88   0x00000058   Code   RO          812    .text               fz_ps.l(dflti.o)
    0x00000de0   0x00000de0   0x00000054   Code   RO          814    .text               fz_ps.l(f2d.o)
    0x00000e34   0x00000e34   0x00000160   Code   RO          834    .text               fz_ps.l(fdiv.o)
    0x00000f94   0x00000f94   0x0000004c   Code   RO          837    .text               fz_ps.l(ffixi.o)
    0x00000fe0   0x00000fe0   0x0000005e   Code   RO          839    .text               fz_ps.l(fflti.o)
    0x0000103e   0x0000103e   0x00000002   PAD
    0x00001040   0x00001040   0x00000248   Code   RO          857    .text               fz_ps.l(dmul.o)
    0x00001288   0x00001288   0x00000060   Code   RO          859    .text               fz_ps.l(dscalbn.o)
    0x000012e8   0x000012e8   0x000000a0   Code   RO          909    .text               fz_ps.l(dcmpin.o)
    0x00001388   0x00001388   0x00000064   Code   RO          911    .text               fz_ps.l(fcmpin.o)
    0x000013ec   0x000013ec   0x0000003e   Code   RO          916    .text               c_p.l(sys_stackheap_outer.o)
    0x0000142a   0x0000142a   0x00000010   Code   RO          919    .text               c_p.l(exit.o)
    0x0000143a   0x0000143a   0x0000002e   Code   RO          929    .text               fz_ps.l(cmpret.o)
    0x00001468   0x00001468   0x00000014   Code   RO          931    .text               fz_ps.l(dnan2.o)
    0x0000147c   0x0000147c   0x00000010   Code   RO          933    .text               fz_ps.l(fnan2.o)
    0x0000148c   0x0000148c   0x0000005e   Code   RO          991    .text               fz_ps.l(retnan.o)
    0x000014ea   0x000014ea   0x00000002   Code   RO         1016    .text               c_p.l(use_no_semi.o)
    0x000014ec   0x000014ec   0x00000000   Code   RO         1018    .text               c_p.l(indicate_semi.o)
    0x000014ec   0x000014ec   0x00000024   Code   RO           23    .text.ADC0_IRQHandler  adc.o
    0x00001510   0x00001510   0x00000124   Code   RO           11    .text.ADC_HWconfig  adc.o
    0x00001634   0x00001634   0x0000001e   Code   RO           15    .text.ADC_IRQconfig  adc.o
    0x00001652   0x00001652   0x0000004a   Code   RO          524    .text.EventFlagsCheck  RTX_CM0.lib(rtx_evflags.o)
    0x0000169c   0x0000169c   0x00000010   Code   RO           36    .text.GPIOA_HWconfig  gpio.o
    0x000016ac   0x000016ac   0x0000001c   Code   RO           38    .text.GPIOB_HWconfig  gpio.o
    0x000016c8   0x000016c8   0x0000000c   Code   RO           34    .text.GPIO_HWconfig  gpio.o
    0x000016d4   0x000016d4   0x00000042   Code   RO          731    .text.MessageQueueGet  RTX_CM0.lib(rtx_msgqueue.o)
    0x00001716   0x00001716   0x0000005e   Code   RO          725    .text.MessageQueuePut  RTX_CM0.lib(rtx_msgqueue.o)
    0x00001774   0x00001774   0x0000001e   Code   RO          723    .text.MessageQueueRemove  RTX_CM0.lib(rtx_msgqueue.o)
    0x00001792   0x00001792   0x00000002   PAD
    0x00001794   0x00001794   0x00000008   Code   RO          767    .text.OS_Tick_AcknowledgeIRQ  RTX_CM0.lib(os_systick.o)
    0x0000179c   0x0000179c   0x00000024   Code   RO          763    .text.OS_Tick_Enable  RTX_CM0.lib(os_systick.o)
    0x000017c0   0x000017c0   0x00000006   Code   RO          769    .text.OS_Tick_GetIRQn  RTX_CM0.lib(os_systick.o)
    0x000017c6   0x000017c6   0x00000002   PAD
    0x000017c8   0x000017c8   0x0000004c   Code   RO          761    .text.OS_Tick_Setup  RTX_CM0.lib(os_systick.o)
    0x00001814   0x00001814   0x00000064   Code   RO           63    .text.PIT_HWconfig  pit.o
    0x00001878   0x00001878   0x0000003c   Code   RO           79    .text.PIT_IRQHandler  pit.o
    0x000018b4   0x000018b4   0x0000001e   Code   RO           65    .text.PIT_IRQconfig  pit.o
    0x000018d2   0x000018d2   0x00000002   PAD
    0x000018d4   0x000018d4   0x00000018   Code   RO           77    .text.PIT_enabled   pit.o
    0x000018ec   0x000018ec   0x00000018   Code   RO           73    .text.PIT_start     pit.o
    0x00001904   0x00001904   0x0000001c   Code   RO           75    .text.PIT_stop      pit.o
    0x00001920   0x00001920   0x00000054   Code   RO           92    .text.PORTA_HWconfig  port.o
    0x00001974   0x00001974   0x00000054   Code   RO          112    .text.PORTA_IRQHandler  port.o
    0x000019c8   0x000019c8   0x0000001e   Code   RO          102    .text.PORTA_IRQconfig  port.o
    0x000019e6   0x000019e6   0x00000002   PAD
    0x000019e8   0x000019e8   0x0000002c   Code   RO           94    .text.PORTB_HWconfig  port.o
    0x00001a14   0x00001a14   0x0000007c   Code   RO          121    .text.RTOS_objects_config  threads.o
    0x00001a90   0x00001a90   0x00000020   Code   RO          596    .text.SemaphoreTokenDecrement  RTX_CM0.lib(rtx_semaphore.o)
    0x00001ab0   0x00001ab0   0x00000022   Code   RO          602    .text.SemaphoreTokenIncrement  RTX_CM0.lib(rtx_semaphore.o)
    0x00001ad2   0x00001ad2   0x00000002   PAD
    0x00001ad4   0x00001ad4   0x00000150   Code   RO          246    .text.SystemInit    system_mkl25z4.o
    0x00001c24   0x00001c24   0x0000004a   Code   RO          404    .text.ThreadFlagsCheck  RTX_CM0.lib(rtx_thread.o)
    0x00001c6e   0x00001c6e   0x00000002   PAD
    0x00001c70   0x00001c70   0x00000124   Code   RO          123    .text.Thread_Convert_Temp  threads.o
    0x00001d94   0x00001d94   0x00000190   Code   RO          125    .text.Thread_Prepare_Msg  threads.o
    0x00001f24   0x00001f24   0x00000050   Code   RO          127    .text.Thread_Transmit_Msg  threads.o
    0x00001f74   0x00001f74   0x0000004c   Code   RO          478    .text.TimerInsert   RTX_CM0.lib(rtx_timer.o)
    0x00001fc0   0x00001fc0   0x00000218   Code   RO          148    .text.UART0_HWconfig  uart0.o
    0x000021d8   0x000021d8   0x000000ec   Code   RO          174    .text.UART0_IRQHandler  uart0.o
    0x000022c4   0x000022c4   0x0000001e   Code   RO          166    .text.UART0_IRQconfig  uart0.o
    0x000022e2   0x000022e2   0x00000002   PAD
    0x000022e4   0x000022e4   0x0000002c   Code   RO          152    .text.UART0_RED     uart0.o
    0x00002310   0x00002310   0x0000002c   Code   RO          150    .text.UART0_TED     uart0.o
    0x0000233c   0x0000233c   0x00000028   Code   RO          156    .text.UART0_TIE     uart0.o
    0x00002364   0x00002364   0x00000030   Code   RO          154    .text.UART0_TIED    uart0.o
    0x00002394   0x00002394   0x00000024   Code   RO          162    .text.UART_TXQ_Empty  uart0.o
    0x000023b8   0x000023b8   0x00000024   Code   RO          164    .text.UART_TXQ_Full  uart0.o
    0x000023dc   0x000023dc   0x00000038   Code   RO          160    .text.UART_TX_Dequeque  uart0.o
    0x00002414   0x00002414   0x00000050   Code   RO          158    .text.UART_TX_Enqueque  uart0.o
    0x00002464   0x00002464   0x00000028   Code   RO           19    .text.__NVIC_ClearPendingIRQ  adc.o
    0x0000248c   0x0000248c   0x00000028   Code   RO           69    .text.__NVIC_ClearPendingIRQ  pit.o
    0x000024b4   0x000024b4   0x00000028   Code   RO          106    .text.__NVIC_ClearPendingIRQ  port.o
    0x000024dc   0x000024dc   0x0000002c   Code   RO          170    .text.__NVIC_ClearPendingIRQ  uart0.o
    0x00002508   0x00002508   0x00000028   Code   RO           21    .text.__NVIC_EnableIRQ  adc.o
    0x00002530   0x00002530   0x00000028   Code   RO           71    .text.__NVIC_EnableIRQ  pit.o
    0x00002558   0x00002558   0x00000028   Code   RO          108    .text.__NVIC_EnableIRQ  port.o
    0x00002580   0x00002580   0x0000002c   Code   RO          172    .text.__NVIC_EnableIRQ  uart0.o
    0x000025ac   0x000025ac   0x0000007c   Code   RO           17    .text.__NVIC_SetPriority  adc.o
    0x00002628   0x00002628   0x0000007c   Code   RO           67    .text.__NVIC_SetPriority  pit.o
    0x000026a4   0x000026a4   0x0000007c   Code   RO          104    .text.__NVIC_SetPriority  port.o
    0x00002720   0x00002720   0x00000084   Code   RO          168    .text.__NVIC_SetPriority  uart0.o
    0x000027a4   0x000027a4   0x00000088   Code   RO          189    .text.__user_perthread_libspace  rtx_lib.o
    0x0000282c   0x0000282c   0x00000022   Code   RO          195    .text._mutex_acquire  rtx_lib.o
    0x0000284e   0x0000284e   0x00000012   Code   RO          199    .text._mutex_free   rtx_lib.o
    0x00002860   0x00002860   0x00000034   Code   RO          193    .text._mutex_initialize  rtx_lib.o
    0x00002894   0x00002894   0x0000001e   Code   RO          197    .text._mutex_release  rtx_lib.o
    0x000028b2   0x000028b2   0x00000008   Code   RO          187    .text._platform_post_stackheap_init  rtx_lib.o
    0x000028ba   0x000028ba   0x00000002   PAD
    0x000028bc   0x000028bc   0x000000a0   Code   RO           48    .text.clear_pin     gpio.o
    0x0000295c   0x0000295c   0x00000050   Code   RO            2    .text.main          main.o
    0x000029ac   0x000029ac   0x00000024   Code   RO          502    .text.osEventFlagsNew  RTX_CM0.lib(rtx_evflags.o)
    0x000029d0   0x000029d0   0x0000004c   Code   RO          506    .text.osEventFlagsSet  RTX_CM0.lib(rtx_evflags.o)
    0x00002a1c   0x00002a1c   0x00000044   Code   RO          516    .text.osEventFlagsWait  RTX_CM0.lib(rtx_evflags.o)
    0x00002a60   0x00002a60   0x00000030   Code   RO          268    .text.osKernelGetState  RTX_CM0.lib(rtx_kernel.o)
    0x00002a90   0x00002a90   0x00000028   Code   RO          262    .text.osKernelInitialize  RTX_CM0.lib(rtx_kernel.o)
    0x00002ab8   0x00002ab8   0x00000024   Code   RO          272    .text.osKernelStart  RTX_CM0.lib(rtx_kernel.o)
    0x00002adc   0x00002adc   0x00000074   Code   RO          699    .text.osMessageQueueGet  RTX_CM0.lib(rtx_msgqueue.o)
    0x00002b50   0x00002b50   0x00000074   Code   RO          697    .text.osMessageQueuePut  RTX_CM0.lib(rtx_msgqueue.o)
    0x00002bc4   0x00002bc4   0x00000028   Code   RO          550    .text.osMutexAcquire  RTX_CM0.lib(rtx_mutex.o)
    0x00002bec   0x00002bec   0x00000028   Code   RO          556    .text.osMutexDelete  RTX_CM0.lib(rtx_mutex.o)
    0x00002c14   0x00002c14   0x00000024   Code   RO          546    .text.osMutexNew    RTX_CM0.lib(rtx_mutex.o)
    0x00002c38   0x00002c38   0x00000028   Code   RO          552    .text.osMutexRelease  RTX_CM0.lib(rtx_mutex.o)
    0x00002c60   0x00002c60   0x00000040   Code   RO          225    .text.osRtxErrorNotify  rtx_config.o
    0x00002ca0   0x00002ca0   0x00000034   Code   RO          522    .text.osRtxEventFlagsPostProcess  RTX_CM0.lib(rtx_evflags.o)
    0x00002cd4   0x00002cd4   0x00000008   Code   RO          223    .text.osRtxIdleThread  rtx_config.o
    0x00002cdc   0x00002cdc   0x00000008   Code   RO          260    .text.osRtxKernelErrorNotify  RTX_CM0.lib(rtx_kernel.o)
    0x00002ce4   0x00002ce4   0x00000002   Code   RO          258    .text.osRtxKernelPreInit  RTX_CM0.lib(rtx_kernel.o)
    0x00002ce6   0x00002ce6   0x00000078   Code   RO          625    .text.osRtxMemoryAlloc  RTX_CM0.lib(rtx_memory.o)
    0x00002d5e   0x00002d5e   0x0000004e   Code   RO          627    .text.osRtxMemoryFree  RTX_CM0.lib(rtx_memory.o)
    0x00002dac   0x00002dac   0x0000002e   Code   RO          623    .text.osRtxMemoryInit  RTX_CM0.lib(rtx_memory.o)
    0x00002dda   0x00002dda   0x0000002a   Code   RO          639    .text.osRtxMemoryPoolAlloc  RTX_CM0.lib(rtx_mempool.o)
    0x00002e04   0x00002e04   0x00000036   Code   RO          641    .text.osRtxMemoryPoolFree  RTX_CM0.lib(rtx_mempool.o)
    0x00002e3a   0x00002e3a   0x0000003c   Code   RO          637    .text.osRtxMemoryPoolInit  RTX_CM0.lib(rtx_mempool.o)
    0x00002e76   0x00002e76   0x000000bc   Code   RO          721    .text.osRtxMessageQueuePostProcess  RTX_CM0.lib(rtx_msgqueue.o)
    0x00002f32   0x00002f32   0x00000002   PAD
    0x00002f34   0x00002f34   0x00000024   Code   RO          689    .text.osRtxMessageQueueTimerSetup  RTX_CM0.lib(rtx_msgqueue.o)
    0x00002f58   0x00002f58   0x00000044   Code   RO          542    .text.osRtxMutexOwnerRelease  RTX_CM0.lib(rtx_mutex.o)
    0x00002f9c   0x00002f9c   0x00000046   Code   RO          544    .text.osRtxMutexOwnerRestore  RTX_CM0.lib(rtx_mutex.o)
    0x00002fe2   0x00002fe2   0x00000002   PAD
    0x00002fe4   0x00002fe4   0x00000080   Code   RO          749    .text.osRtxPendSV_Handler  RTX_CM0.lib(rtx_system.o)
    0x00003064   0x00003064   0x0000006c   Code   RO          751    .text.osRtxPostProcess  RTX_CM0.lib(rtx_system.o)
    0x000030d0   0x000030d0   0x00000024   Code   RO          594    .text.osRtxSemaphorePostProcess  RTX_CM0.lib(rtx_semaphore.o)
    0x000030f4   0x000030f4   0x00000034   Code   RO          344    .text.osRtxThreadBlock  RTX_CM0.lib(rtx_thread.o)
    0x00003128   0x00003128   0x0000008c   Code   RO          352    .text.osRtxThreadDelayInsert  RTX_CM0.lib(rtx_thread.o)
    0x000031b4   0x000031b4   0x00000044   Code   RO          348    .text.osRtxThreadDelayRemove  RTX_CM0.lib(rtx_thread.o)
    0x000031f8   0x000031f8   0x00000054   Code   RO          336    .text.osRtxThreadDelayTick  RTX_CM0.lib(rtx_thread.o)
    0x0000324c   0x0000324c   0x00000028   Code   RO          436    .text.osRtxThreadDestroy  RTX_CM0.lib(rtx_thread.o)
    0x00003274   0x00003274   0x0000004c   Code   RO          342    .text.osRtxThreadDispatch  RTX_CM0.lib(rtx_thread.o)
    0x000032c0   0x000032c0   0x00000054   Code   RO          428    .text.osRtxThreadFree  RTX_CM0.lib(rtx_thread.o)
    0x00003314   0x00003314   0x00000020   Code   RO          434    .text.osRtxThreadJoinWakeup  RTX_CM0.lib(rtx_thread.o)
    0x00003334   0x00003334   0x00000014   Code   RO          328    .text.osRtxThreadListGet  RTX_CM0.lib(rtx_thread.o)
    0x00003348   0x00003348   0x0000002c   Code   RO          326    .text.osRtxThreadListPut  RTX_CM0.lib(rtx_thread.o)
    0x00003374   0x00003374   0x00000018   Code   RO          332    .text.osRtxThreadListRemove  RTX_CM0.lib(rtx_thread.o)
    0x0000338c   0x0000338c   0x00000024   Code   RO          330    .text.osRtxThreadListSort  RTX_CM0.lib(rtx_thread.o)
    0x000033b0   0x000033b0   0x00000026   Code   RO          402    .text.osRtxThreadPostProcess  RTX_CM0.lib(rtx_thread.o)
    0x000033d6   0x000033d6   0x00000002   PAD
    0x000033d8   0x000033d8   0x00000014   Code   RO          334    .text.osRtxThreadReadyPut  RTX_CM0.lib(rtx_thread.o)
    0x000033ec   0x000033ec   0x00000006   Code   RO          338    .text.osRtxThreadRegPtr  RTX_CM0.lib(rtx_thread.o)
    0x000033f2   0x000033f2   0x00000002   PAD
    0x000033f4   0x000033f4   0x00000040   Code   RO          354    .text.osRtxThreadStartup  RTX_CM0.lib(rtx_thread.o)
    0x00003434   0x00003434   0x00000010   Code   RO          340    .text.osRtxThreadSwitch  RTX_CM0.lib(rtx_thread.o)
    0x00003444   0x00003444   0x00000040   Code   RO          350    .text.osRtxThreadWaitEnter  RTX_CM0.lib(rtx_thread.o)
    0x00003484   0x00003484   0x00000022   Code   RO          346    .text.osRtxThreadWaitExit  RTX_CM0.lib(rtx_thread.o)
    0x000034a6   0x000034a6   0x00000002   PAD
    0x000034a8   0x000034a8   0x00000080   Code   RO          747    .text.osRtxTick_Handler  RTX_CM0.lib(rtx_system.o)
    0x00003528   0x00003528   0x00000024   Code   RO          460    .text.osRtxTimerSetup  RTX_CM0.lib(rtx_timer.o)
    0x0000354c   0x0000354c   0x0000001c   Code   RO          464    .text.osRtxTimerThread  RTX_CM0.lib(rtx_timer.o)
    0x00003568   0x00003568   0x00000074   Code   RO          462    .text.osRtxTimerTick  RTX_CM0.lib(rtx_timer.o)
    0x000035dc   0x000035dc   0x00000044   Code   RO          582    .text.osSemaphoreAcquire  RTX_CM0.lib(rtx_semaphore.o)
    0x00003620   0x00003620   0x00000024   Code   RO          578    .text.osSemaphoreNew  RTX_CM0.lib(rtx_semaphore.o)
    0x00003644   0x00003644   0x0000004c   Code   RO          584    .text.osSemaphoreRelease  RTX_CM0.lib(rtx_semaphore.o)
    0x00003690   0x00003690   0x0000000c   Code   RO          386    .text.osThreadExit  RTX_CM0.lib(rtx_thread.o)
    0x0000369c   0x0000369c   0x00000028   Code   RO          362    .text.osThreadGetId  RTX_CM0.lib(rtx_thread.o)
    0x000036c4   0x000036c4   0x00000024   Code   RO          358    .text.osThreadNew   RTX_CM0.lib(rtx_thread.o)
    0x000036e8   0x000036e8   0x0000002c   Code   RO          191    .text.os_kernel_is_active  rtx_lib.o
    0x00003714   0x00003714   0x0000000c   Code   RO           88    .text.ports_HWconfig  port.o
    0x00003720   0x00003720   0x00000008   Code   RO           90    .text.ports_IRQconfig  port.o
    0x00003728   0x00003728   0x000000a8   Code   RO           52    .text.read_input_pin  gpio.o
    0x000037d0   0x000037d0   0x000000a0   Code   RO           40    .text.set_pin       gpio.o
    0x00003870   0x00003870   0x00000074   Code   RO          520    .text.svcRtxEventFlagsNew  RTX_CM0.lib(rtx_evflags.o)
    0x000038e4   0x000038e4   0x00000076   Code   RO          528    .text.svcRtxEventFlagsSet  RTX_CM0.lib(rtx_evflags.o)
    0x0000395a   0x0000395a   0x00000002   PAD
    0x0000395c   0x0000395c   0x0000005c   Code   RO          530    .text.svcRtxEventFlagsWait  RTX_CM0.lib(rtx_evflags.o)
    0x000039b8   0x000039b8   0x0000000c   Code   RO          270    .text.svcRtxKernelGetState  RTX_CM0.lib(rtx_kernel.o)
    0x000039c4   0x000039c4   0x00000138   Code   RO          300    .text.svcRtxKernelInitialize  RTX_CM0.lib(rtx_kernel.o)
    0x00003afc   0x00003afc   0x00000080   Code   RO          302    .text.svcRtxKernelStart  RTX_CM0.lib(rtx_kernel.o)
    0x00003b7c   0x00003b7c   0x000000cc   Code   RO          733    .text.svcRtxMessageQueueGet  RTX_CM0.lib(rtx_msgqueue.o)
    0x00003c48   0x00003c48   0x000001c0   Code   RO          691    .text.svcRtxMessageQueueNew  RTX_CM0.lib(rtx_msgqueue.o)
    0x00003e08   0x00003e08   0x000000b0   Code   RO          729    .text.svcRtxMessageQueuePut  RTX_CM0.lib(rtx_msgqueue.o)
    0x00003eb8   0x00003eb8   0x00000094   Code   RO          562    .text.svcRtxMutexAcquire  RTX_CM0.lib(rtx_mutex.o)
    0x00003f4c   0x00003f4c   0x000000b4   Code   RO          568    .text.svcRtxMutexDelete  RTX_CM0.lib(rtx_mutex.o)
    0x00004000   0x00004000   0x00000070   Code   RO          558    .text.svcRtxMutexNew  RTX_CM0.lib(rtx_mutex.o)
    0x00004070   0x00004070   0x000000bc   Code   RO          564    .text.svcRtxMutexRelease  RTX_CM0.lib(rtx_mutex.o)
    0x0000412c   0x0000412c   0x0000004c   Code   RO          600    .text.svcRtxSemaphoreAcquire  RTX_CM0.lib(rtx_semaphore.o)
    0x00004178   0x00004178   0x00000080   Code   RO          592    .text.svcRtxSemaphoreNew  RTX_CM0.lib(rtx_semaphore.o)
    0x000041f8   0x000041f8   0x00000038   Code   RO          604    .text.svcRtxSemaphoreRelease  RTX_CM0.lib(rtx_semaphore.o)
    0x00004230   0x00004230   0x00000048   Code   RO          432    .text.svcRtxThreadExit  RTX_CM0.lib(rtx_thread.o)
    0x00004278   0x00004278   0x0000000c   Code   RO          364    .text.svcRtxThreadGetId  RTX_CM0.lib(rtx_thread.o)
    0x00004284   0x00004284   0x000001fc   Code   RO          356    .text.svcRtxThreadNew  RTX_CM0.lib(rtx_thread.o)
    0x00004480   0x00004480   0x000000ac   Code   RO          882    i.__kernel_poly     m_ps.l(poly.o)
    0x0000452c   0x0000452c   0x00000014   Code   RO          868    i.__mathlib_dbl_divzero  m_ps.l(dunder.o)
    0x00004540   0x00004540   0x0000000a   Code   RO          869    i.__mathlib_dbl_infnan  m_ps.l(dunder.o)
    0x0000454a   0x0000454a   0x00000010   Code   RO          871    i.__mathlib_dbl_invalid  m_ps.l(dunder.o)
    0x0000455a   0x0000455a   0x00000016   Code   RO          823    i._fgeq             fz_ps.l(fcmp.o)
    0x00004570   0x00004570   0x0000001a   Code   RO          825    i._fleq             fz_ps.l(fcmp.o)
    0x0000458a   0x0000458a   0x00000016   Code   RO          826    i._fls              fz_ps.l(fcmp.o)
    0x000045a0   0x000045a0   0x00000354   Code   RO          844    i.log               m_ps.l(log.o)
    0x000048f4   0x000048f4   0x00000064   Code   RO          855    x$fpl$deqf          fz_ps.l(deqf.o)
    0x00004958   0x00004958   0x0000008c   Code   RO          816    x$fpl$fadd          fz_ps.l(faddsub.o)
    0x000049e4   0x000049e4   0x00000054   Code   RO          863    x$fpl$fgeqf         fz_ps.l(fgef.o)
    0x00004a38   0x00004a38   0x00000054   Code   RO          865    x$fpl$fleqf         fz_ps.l(flef.o)
    0x00004a8c   0x00004a8c   0x000000b0   Code   RO          841    x$fpl$fmul          fz_ps.l(fmul.o)
    0x00004b3c   0x00004b3c   0x000000d0   Code   RO          818    x$fpl$fsub          fz_ps.l(faddsub.o)
    0x00004c0c   0x00004c0c   0x00000000   Code   RO          867    x$fpl$usenofp       fz_ps.l(usenofp.o)
    0x00004c0c   0x00004c0c   0x00000080   Data   RO          808    .constdata          fz_ps.l(ddiv.o)
    0x00004c8c   0x00004c8c   0x00000040   Data   RO          835    .constdata          fz_ps.l(fdiv.o)
    0x00004ccc   0x00004ccc   0x00000004   PAD
    0x00004cd0   0x00004cd0   0x00000038   Data   RO          845    .constdata          m_ps.l(log.o)
    0x00004d08   0x00004d08   0x00000008   Data   RO          884    .constdata          m_ps.l(qnan.o)
    0x00004d10   0x00004d10   0x00000070   Data   RO          205    .rodata             rtx_lib.o
    0x00004d80   0x00004d80   0x00000038   Data   RO          208    .rodata             rtx_lib.o
    0x00004db8   0x00004db8   0x00000032   Data   RO          140    .rodata..L__const.Thread_Prepare_Msg.message  threads.o
    0x00004dea   0x00004dea   0x00000002   PAD
    0x00004dec   0x00004dec   0x00000004   Data   RO          207    .rodata.osRtxUserSVC  rtx_lib.o
    0x00004df0   0x00004df0   0x00000024   Data   RO          202    .rodata.os_idle_thread_attr  rtx_lib.o
    0x00004e14   0x00004e14   0x00000018   Data   RO          204    .rodata.os_timer_mq_attr  rtx_lib.o
    0x00004e2c   0x00004e2c   0x00000024   Data   RO          203    .rodata.os_timer_thread_attr  rtx_lib.o
    0x00004e50   0x00004e50   0x0000000b   Data   RO          316    .rodata.str1.4      RTX_CM0.lib(rtx_kernel.o)
    0x00004e5b   0x00004e5b   0x00000001   PAD
    0x00004e5c   0x00004e5c   0x00000020   Data   RO         1071    Region$$Table       anon$$obj.o


    Execution Region ER_RW (Exec base: 0x1ffff000, Load base: 0x00004e7c, Size: 0x000000ac, Max: 0xffffffff, ABSOLUTE)

    Exec Addr    Load Addr    Size         Type   Attr      Idx    E Section Name        Object

    0x1ffff000   0x00004e7c   0x00000004   Data   RW          250    .data.SystemCoreClock  system_mkl25z4.o
    0x1ffff004   0x00004e80   0x00000004   Data   RW          178    .data.TXQ_size      uart0.o
    0x1ffff008   0x00004e84   0x000000a4   Data   RW          317    .data.os            RTX_CM0.lib(rtx_kernel.o)


    Execution Region ER_ZI (Exec base: 0x1ffff0b0, Load base: 0x00004f28, Size: 0x000017c8, Max: 0xffffffff, ABSOLUTE)

    Exec Addr    Load Addr    Size         Type   Attr      Idx    E Section Name        Object

    0x1ffff0b0        -       0x00000060   Zero   RW          914    .bss                c_p.l(libspace.o)
    0x1ffff110        -       0x00000004   Zero   RW          132    .bss.EventFlagId    threads.o
    0x1ffff114        -       0x00000004   Zero   RW          133    .bss.PrepMsgSemId   threads.o
    0x1ffff118        -       0x00000004   Zero   RW          136    .bss.R_Temp         threads.o
    0x1ffff11c        -       0x00000004   Zero   RW          134    .bss.SendMsgSemId   threads.o
    0x1ffff120        -       0x00000004   Zero   RW          176    .bss.TXQ_head       uart0.o
    0x1ffff124        -       0x00000004   Zero   RW          177    .bss.TXQ_tail       uart0.o
    0x1ffff128        -       0x00000020   Zero   RW          179    .bss.TX_queque      uart0.o
    0x1ffff148        -       0x00000004   Zero   RW          139    .bss.TempF          threads.o
    0x1ffff14c        -       0x00000004   Zero   RW          138    .bss.TempK          threads.o
    0x1ffff150        -       0x00000004   Zero   RW          129    .bss.Tid_Convert_Temp  threads.o
    0x1ffff154        -       0x00000004   Zero   RW          130    .bss.Tid_Prepare_Msg  threads.o
    0x1ffff158        -       0x00000004   Zero   RW          131    .bss.Tid_Transmit_Msg  threads.o
    0x1ffff15c        -       0x00000004   Zero   RW          135    .bss.V_Temp         threads.o
    0x1ffff160        -       0x00000004   Zero   RW           25    .bss.adc_result     adc.o
    0x1ffff164        -       0x00000004   Zero   RW          137    .bss.neg_log_R_Temp  threads.o
    0x1ffff168        -       0x00001040   Zero   RW          201    .bss.os             rtx_lib.o
    0x200001a8        -       0x00000001   Zero   RW          779    .bss.os             RTX_CM0.lib(os_systick.o)
    0x200001a9   0x00004f28   0x00000003   PAD
    0x200001ac        -       0x000001f0   Zero   RW          209    .bss.os.libspace    rtx_lib.o
    0x2000039c        -       0x00000034   Zero   RW          213    .bss.os.msgqueue.cb  rtx_lib.o
    0x200003d0        -       0x00000050   Zero   RW          214    .bss.os.msgqueue.mem  rtx_lib.o
    0x20000420        -       0x00000088   Zero   RW          210    .bss.os.thread.cb   rtx_lib.o
    0x200004a8        -       0x000000c8   Zero   RW          211    .bss.os.thread.idle.stack  rtx_lib.o
    0x20000570        -       0x00000200   Zero   RW          212    .bss.os.thread.timer.stack  rtx_lib.o
    0x20000770        -       0x00000001   Zero   RW          215    .bss.os_kernel_is_active.os_kernel_active  rtx_lib.o
    0x20000771   0x00004f28   0x00000007   PAD
    0x20000778        -       0x00000000   Zero   RW          234    HEAP                startup_mkl25z4.o
    0x20000778        -       0x00000100   Zero   RW          233    STACK               startup_mkl25z4.o


==============================================================================

Image component sizes


      Code (inc. data)   RO Data    RW Data    ZI Data      Debug   Object Name

       562         44          0          0          4       4481   adc.o
       544         68          0          0          0       2473   gpio.o
        80          4          0          0          0        425   main.o
       470         24          0          0          0       4423   pit.o
       466         24          0          0          0       4429   port.o
        72         20          0          0          0        767   rtx_config.o
       322         12        268          0       5637       7210   rtx_lib.o
        80         44        192          0        256        988   startup_mkl25z4.o
       336         80          0          4          0       3364   system_mkl25z4.o
       896        112         50          0         44       2589   threads.o
      1406         88          0          4         40       5647   uart0.o

    ----------------------------------------------------------------------
      5242        520        544          8       5988      36796   Object Totals
         0          0         32          0          0          0   (incl. Generated)
         8          0          2          0          7          0   (incl. Padding)

    ----------------------------------------------------------------------

      Code (inc. data)   RO Data    RW Data    ZI Data      Debug   Library Member Name

       164          8          0          0          0        658   irq_armv6m.o
       126         20          0          0          1       2812   os_systick.o
       632         20          0          0          0      12579   rtx_evflags.o
       586         36         11        164          0      15793   rtx_kernel.o
       244          0          0          0          0       2665   rtx_memory.o
       156          0          0          0          0      14433   rtx_mempool.o
      1474         40          0          0          0      18183   rtx_msgqueue.o
       922         28          0          0          0       9527   rtx_mutex.o
       542         20          0          0          0      10097   rtx_semaphore.o
       364         18          0          0          0       4871   rtx_system.o
      1696         64          0          0          0      31596   rtx_thread.o
       256         16          0          0          0       9965   rtx_timer.o
         8          0          0          0          0         68   __main.o
         0          0          0          0          0          0   __rtentry.o
        20          0          0          0          0          0   __rtentry2.o
         6          0          0          0          0          0   __rtentry4.o
        60          8          0          0          0          0   __scatter.o
        26          0          0          0          0          0   __scatter_copy.o
        28          0          0          0          0          0   __scatter_zi.o
        22          0          0          0          0         92   _rserrno.o
       364          4          0          0          0         92   aeabi_sdiv.o
        16          0          0          0          0         68   exit.o
         6          0          0          0          0        136   heapauxi.o
         0          0          0          0          0          0   indicate_semi.o
         2          0          0          0          0          0   libinit.o
         2          0          0          0          0          0   libinit2.o
         2          0          0          0          0          0   libshutdown.o
         2          0          0          0          0          0   libshutdown2.o
         8          4          0          0         96         68   libspace.o
         8          0          0          0          0         76   rt_errno_addr_twolibspace.o
        64          0          0          0          0        108   rt_memclr.o
       186          0          0          0          0        144   rt_memcpy.o
         2          0          0          0          0          0   rtexit.o
        10          0          0          0          0          0   rtexit2.o
        12          4          0          0          0         60   sys_exit.o
        62          0          0          0          0         80   sys_stackheap_outer.o
         2          0          0          0          0         68   use_no_semi.o
        46          0          0          0          0         60   cmpret.o
       124          4          0          0          0         72   d2f.o
       856         20          0          0          0        208   daddsub.o
       160          6          0          0          0         76   dcmpin.o
      1096         26        128          0          0        112   ddiv.o
       100          4          0          0          0         92   deqf.o
       108         10          0          0          0         72   dfixi.o
        88          0          0          0          0         92   dflti.o
       584         26          0          0          0         84   dmul.o
        20          6          0          0          0         68   dnan2.o
        96         12          0          0          0         72   dscalbn.o
        84          4          0          0          0         60   f2d.o
       348          8          0          0          0        160   faddsub.o
        70          0          0          0          0        204   fcmp.o
       100          4          0          0          0         68   fcmpin.o
       352         10         64          0          0         92   fdiv.o
        76          0          0          0          0         68   ffixi.o
        94          0          0          0          0         92   fflti.o
        84          4          0          0          0         76   fgef.o
        84          4          0          0          0         76   flef.o
       176          4          0          0          0         80   fmul.o
        16          6          0          0          0         68   fnan2.o
        94          0          0          0          0         68   retnan.o
         0          0          0          0          0          0   usenofp.o
        46          4          0          0          0        204   dunder.o
       852         62         56          0          0        136   log.o
       172          0          0          0          0         76   poly.o
         0          0          8          0          0          0   qnan.o

    ----------------------------------------------------------------------
     14034        514        272        164        100     136775   Library Totals
        28          0          5          0          3          0   (incl. Padding)

    ----------------------------------------------------------------------

      Code (inc. data)   RO Data    RW Data    ZI Data      Debug   Library Name

      7162        270         11        164          1     133179   RTX_CM0.lib
       918         20          0          0         96       1060   c_p.l
      4856        158        192          0          0       2120   fz_ps.l
      1070         66         64          0          0        416   m_ps.l

    ----------------------------------------------------------------------
     14034        514        272        164        100     136775   Library Totals

    ----------------------------------------------------------------------

==============================================================================


      Code (inc. data)   RO Data    RW Data    ZI Data      Debug   

     19276       1034        816        172       6088     171379   Grand Totals
     19276       1034        816        172       6088     171379   ELF Image Totals
     19276       1034        816        172          0          0   ROM Totals

==============================================================================

    Total RO  Size (Code + RO Data)                20092 (  19.62kB)
    Total RW  Size (RW Data + ZI Data)              6260 (   6.11kB)
    Total ROM Size (Code + RO Data + RW Data)      20264 (  19.79kB)

==============================================================================

